[0.083s] DEBUG:colcon:Command line arguments: ['/usr/bin/colcon', 'build']
[0.083s] DEBUG:colcon:Parsed command line arguments: Namespace(log_base=None, log_level=None, verb_name='build', build_base='build', install_base='install', merge_install=False, symlink_install=False, test_result_base=None, continue_on_error=False, executor='parallel', parallel_workers=10, event_handlers=None, ignore_user_meta=False, metas=['./colcon.meta'], base_paths=['.'], packages_ignore=None, packages_ignore_regex=None, paths=None, packages_up_to=None, packages_up_to_regex=None, packages_above=None, packages_above_and_dependencies=None, packages_above_depth=None, packages_select_by_dep=None, packages_skip_by_dep=None, packages_skip_up_to=None, packages_select_build_failed=False, packages_skip_build_finished=False, packages_select_test_failures=False, packages_skip_test_passed=False, packages_select=None, packages_skip=None, packages_select_regex=None, packages_skip_regex=None, packages_start=None, packages_end=None, allow_overriding=[], cmake_args=None, cmake_target=None, cmake_target_skip_unavailable=False, cmake_clean_cache=False, cmake_clean_first=False, cmake_force_configure=False, ament_cmake_args=None, catkin_cmake_args=None, catkin_skip_building_tests=False, verb_parser=<colcon_defaults.argument_parser.defaults.DefaultArgumentsDecorator object at 0x77ddc7071b40>, verb_extension=<colcon_core.verb.build.BuildVerb object at 0x77ddc7071630>, main=<bound method BuildVerb.main of <colcon_core.verb.build.BuildVerb object at 0x77ddc7071630>>)
[0.115s] Level 1:colcon.colcon_core.package_discovery:discover_packages(colcon_meta) check parameters
[0.115s] Level 1:colcon.colcon_core.package_discovery:discover_packages(recursive) check parameters
[0.115s] Level 1:colcon.colcon_core.package_discovery:discover_packages(ignore) check parameters
[0.115s] Level 1:colcon.colcon_core.package_discovery:discover_packages(path) check parameters
[0.115s] Level 1:colcon.colcon_core.package_discovery:discover_packages(colcon_meta) discover
[0.115s] Level 1:colcon.colcon_core.package_discovery:discover_packages(recursive) discover
[0.115s] INFO:colcon.colcon_core.package_discovery:Crawling recursively for packages in '/home/jd/jdamr_cube_ws/src/jdamr_cube_ros'
[0.115s] Level 1:colcon.colcon_core.package_identification:_identify(.) by extensions ['ignore', 'ignore_ament_install']
[0.115s] Level 1:colcon.colcon_core.package_identification:_identify(.) by extension 'ignore'
[0.115s] Level 1:colcon.colcon_core.package_identification:_identify(.) by extension 'ignore_ament_install'
[0.115s] Level 1:colcon.colcon_core.package_identification:_identify(.) by extensions ['colcon_pkg']
[0.115s] Level 1:colcon.colcon_core.package_identification:_identify(.) by extension 'colcon_pkg'
[0.115s] Level 1:colcon.colcon_core.package_identification:_identify(.) by extensions ['colcon_meta']
[0.115s] Level 1:colcon.colcon_core.package_identification:_identify(.) by extension 'colcon_meta'
[0.115s] Level 1:colcon.colcon_core.package_identification:_identify(.) by extensions ['ros']
[0.115s] Level 1:colcon.colcon_core.package_identification:_identify(.) by extension 'ros'
[0.140s] Level 1:colcon.colcon_core.package_identification:_identify(.) by extensions ['cmake', 'python']
[0.140s] Level 1:colcon.colcon_core.package_identification:_identify(.) by extension 'cmake'
[0.140s] Level 1:colcon.colcon_core.package_identification:_identify(.) by extension 'python'
[0.141s] Level 1:colcon.colcon_core.package_identification:_identify(.) by extensions ['python_setup_py']
[0.141s] Level 1:colcon.colcon_core.package_identification:_identify(.) by extension 'python_setup_py'
[0.141s] Level 1:colcon.colcon_core.package_identification:_identify(build) by extensions ['ignore', 'ignore_ament_install']
[0.141s] Level 1:colcon.colcon_core.package_identification:_identify(build) by extension 'ignore'
[0.141s] Level 1:colcon.colcon_core.package_identification:_identify(build) ignored
[0.141s] Level 1:colcon.colcon_core.package_identification:_identify(install) by extensions ['ignore', 'ignore_ament_install']
[0.141s] Level 1:colcon.colcon_core.package_identification:_identify(install) by extension 'ignore'
[0.141s] Level 1:colcon.colcon_core.package_identification:_identify(install) ignored
[0.141s] Level 1:colcon.colcon_core.package_identification:_identify(jdamr_cube_bringup) by extensions ['ignore', 'ignore_ament_install']
[0.141s] Level 1:colcon.colcon_core.package_identification:_identify(jdamr_cube_bringup) by extension 'ignore'
[0.141s] Level 1:colcon.colcon_core.package_identification:_identify(jdamr_cube_bringup) by extension 'ignore_ament_install'
[0.141s] Level 1:colcon.colcon_core.package_identification:_identify(jdamr_cube_bringup) by extensions ['colcon_pkg']
[0.141s] Level 1:colcon.colcon_core.package_identification:_identify(jdamr_cube_bringup) by extension 'colcon_pkg'
[0.141s] Level 1:colcon.colcon_core.package_identification:_identify(jdamr_cube_bringup) by extensions ['colcon_meta']
[0.141s] Level 1:colcon.colcon_core.package_identification:_identify(jdamr_cube_bringup) by extension 'colcon_meta'
[0.141s] Level 1:colcon.colcon_core.package_identification:_identify(jdamr_cube_bringup) by extensions ['ros']
[0.141s] Level 1:colcon.colcon_core.package_identification:_identify(jdamr_cube_bringup) by extension 'ros'
[0.143s] DEBUG:colcon.colcon_core.package_identification:Package 'jdamr_cube_bringup' with type 'ros.ament_python' and name 'jdamr_cube_bringup'
[0.144s] Level 1:colcon.colcon_core.package_identification:_identify(jdamr_cube_cartographer) by extensions ['ignore', 'ignore_ament_install']
[0.144s] Level 1:colcon.colcon_core.package_identification:_identify(jdamr_cube_cartographer) by extension 'ignore'
[0.144s] Level 1:colcon.colcon_core.package_identification:_identify(jdamr_cube_cartographer) by extension 'ignore_ament_install'
[0.144s] Level 1:colcon.colcon_core.package_identification:_identify(jdamr_cube_cartographer) by extensions ['colcon_pkg']
[0.144s] Level 1:colcon.colcon_core.package_identification:_identify(jdamr_cube_cartographer) by extension 'colcon_pkg'
[0.144s] Level 1:colcon.colcon_core.package_identification:_identify(jdamr_cube_cartographer) by extensions ['colcon_meta']
[0.144s] Level 1:colcon.colcon_core.package_identification:_identify(jdamr_cube_cartographer) by extension 'colcon_meta'
[0.144s] Level 1:colcon.colcon_core.package_identification:_identify(jdamr_cube_cartographer) by extensions ['ros']
[0.144s] Level 1:colcon.colcon_core.package_identification:_identify(jdamr_cube_cartographer) by extension 'ros'
[0.144s] DEBUG:colcon.colcon_core.package_identification:Package 'jdamr_cube_cartographer' with type 'ros.ament_python' and name 'jdamr_cube_cartographer'
[0.144s] Level 1:colcon.colcon_core.package_identification:_identify(jdamr_cube_description) by extensions ['ignore', 'ignore_ament_install']
[0.144s] Level 1:colcon.colcon_core.package_identification:_identify(jdamr_cube_description) by extension 'ignore'
[0.144s] Level 1:colcon.colcon_core.package_identification:_identify(jdamr_cube_description) by extension 'ignore_ament_install'
[0.144s] Level 1:colcon.colcon_core.package_identification:_identify(jdamr_cube_description) by extensions ['colcon_pkg']
[0.144s] Level 1:colcon.colcon_core.package_identification:_identify(jdamr_cube_description) by extension 'colcon_pkg'
[0.144s] Level 1:colcon.colcon_core.package_identification:_identify(jdamr_cube_description) by extensions ['colcon_meta']
[0.144s] Level 1:colcon.colcon_core.package_identification:_identify(jdamr_cube_description) by extension 'colcon_meta'
[0.145s] Level 1:colcon.colcon_core.package_identification:_identify(jdamr_cube_description) by extensions ['ros']
[0.145s] Level 1:colcon.colcon_core.package_identification:_identify(jdamr_cube_description) by extension 'ros'
[0.145s] DEBUG:colcon.colcon_core.package_identification:Package 'jdamr_cube_description' with type 'ros.ament_python' and name 'jdamr_cube_description'
[0.145s] Level 1:colcon.colcon_core.package_identification:_identify(jdamr_cube_node) by extensions ['ignore', 'ignore_ament_install']
[0.145s] Level 1:colcon.colcon_core.package_identification:_identify(jdamr_cube_node) by extension 'ignore'
[0.145s] Level 1:colcon.colcon_core.package_identification:_identify(jdamr_cube_node) by extension 'ignore_ament_install'
[0.145s] Level 1:colcon.colcon_core.package_identification:_identify(jdamr_cube_node) by extensions ['colcon_pkg']
[0.145s] Level 1:colcon.colcon_core.package_identification:_identify(jdamr_cube_node) by extension 'colcon_pkg'
[0.145s] Level 1:colcon.colcon_core.package_identification:_identify(jdamr_cube_node) by extensions ['colcon_meta']
[0.145s] Level 1:colcon.colcon_core.package_identification:_identify(jdamr_cube_node) by extension 'colcon_meta'
[0.145s] Level 1:colcon.colcon_core.package_identification:_identify(jdamr_cube_node) by extensions ['ros']
[0.145s] Level 1:colcon.colcon_core.package_identification:_identify(jdamr_cube_node) by extension 'ros'
[0.146s] DEBUG:colcon.colcon_core.package_identification:Package 'jdamr_cube_node' with type 'ros.ament_python' and name 'jdamr_cube_node'
[0.146s] Level 1:colcon.colcon_core.package_identification:_identify(jdamr_cube_teleop) by extensions ['ignore', 'ignore_ament_install']
[0.146s] Level 1:colcon.colcon_core.package_identification:_identify(jdamr_cube_teleop) by extension 'ignore'
[0.146s] Level 1:colcon.colcon_core.package_identification:_identify(jdamr_cube_teleop) by extension 'ignore_ament_install'
[0.146s] Level 1:colcon.colcon_core.package_identification:_identify(jdamr_cube_teleop) by extensions ['colcon_pkg']
[0.146s] Level 1:colcon.colcon_core.package_identification:_identify(jdamr_cube_teleop) by extension 'colcon_pkg'
[0.146s] Level 1:colcon.colcon_core.package_identification:_identify(jdamr_cube_teleop) by extensions ['colcon_meta']
[0.146s] Level 1:colcon.colcon_core.package_identification:_identify(jdamr_cube_teleop) by extension 'colcon_meta'
[0.146s] Level 1:colcon.colcon_core.package_identification:_identify(jdamr_cube_teleop) by extensions ['ros']
[0.146s] Level 1:colcon.colcon_core.package_identification:_identify(jdamr_cube_teleop) by extension 'ros'
[0.146s] DEBUG:colcon.colcon_core.package_identification:Package 'jdamr_cube_teleop' with type 'ros.ament_python' and name 'jdamr_cube_teleop'
[0.147s] Level 1:colcon.colcon_core.package_identification:_identify(ldlidar_sl_ros2) by extensions ['ignore', 'ignore_ament_install']
[0.147s] Level 1:colcon.colcon_core.package_identification:_identify(ldlidar_sl_ros2) by extension 'ignore'
[0.147s] Level 1:colcon.colcon_core.package_identification:_identify(ldlidar_sl_ros2) by extension 'ignore_ament_install'
[0.147s] Level 1:colcon.colcon_core.package_identification:_identify(ldlidar_sl_ros2) by extensions ['colcon_pkg']
[0.147s] Level 1:colcon.colcon_core.package_identification:_identify(ldlidar_sl_ros2) by extension 'colcon_pkg'
[0.147s] Level 1:colcon.colcon_core.package_identification:_identify(ldlidar_sl_ros2) by extensions ['colcon_meta']
[0.147s] Level 1:colcon.colcon_core.package_identification:_identify(ldlidar_sl_ros2) by extension 'colcon_meta'
[0.147s] Level 1:colcon.colcon_core.package_identification:_identify(ldlidar_sl_ros2) by extensions ['ros']
[0.147s] Level 1:colcon.colcon_core.package_identification:_identify(ldlidar_sl_ros2) by extension 'ros'
[0.147s] DEBUG:colcon.colcon_core.package_identification:Package 'ldlidar_sl_ros2' with type 'ros.ament_cmake' and name 'ldlidar_sl_ros2'
[0.147s] Level 1:colcon.colcon_core.package_identification:_identify(log) by extensions ['ignore', 'ignore_ament_install']
[0.147s] Level 1:colcon.colcon_core.package_identification:_identify(log) by extension 'ignore'
[0.147s] Level 1:colcon.colcon_core.package_identification:_identify(log) ignored
[0.147s] Level 1:colcon.colcon_core.package_discovery:discover_packages(recursive) using defaults
[0.147s] Level 1:colcon.colcon_core.package_discovery:discover_packages(ignore) discover
[0.147s] Level 1:colcon.colcon_core.package_discovery:discover_packages(ignore) using defaults
[0.148s] Level 1:colcon.colcon_core.package_discovery:discover_packages(path) discover
[0.148s] Level 1:colcon.colcon_core.package_discovery:discover_packages(path) using defaults
[0.164s] Level 1:colcon.colcon_core.package_discovery:discover_packages(prefix_path) check parameters
[0.164s] Level 1:colcon.colcon_core.package_discovery:discover_packages(prefix_path) discover
[0.166s] DEBUG:colcon.colcon_installed_package_information.package_discovery:Found 371 installed packages in /opt/ros/humble
[0.168s] Level 1:colcon.colcon_core.package_discovery:discover_packages(prefix_path) using defaults
[0.212s] Level 5:colcon.colcon_core.verb:set package 'jdamr_cube_bringup' build argument 'cmake_args' from command line to 'None'
[0.212s] Level 5:colcon.colcon_core.verb:set package 'jdamr_cube_bringup' build argument 'cmake_target' from command line to 'None'
[0.212s] Level 5:colcon.colcon_core.verb:set package 'jdamr_cube_bringup' build argument 'cmake_target_skip_unavailable' from command line to 'False'
[0.212s] Level 5:colcon.colcon_core.verb:set package 'jdamr_cube_bringup' build argument 'cmake_clean_cache' from command line to 'False'
[0.212s] Level 5:colcon.colcon_core.verb:set package 'jdamr_cube_bringup' build argument 'cmake_clean_first' from command line to 'False'
[0.212s] Level 5:colcon.colcon_core.verb:set package 'jdamr_cube_bringup' build argument 'cmake_force_configure' from command line to 'False'
[0.212s] Level 5:colcon.colcon_core.verb:set package 'jdamr_cube_bringup' build argument 'ament_cmake_args' from command line to 'None'
[0.212s] Level 5:colcon.colcon_core.verb:set package 'jdamr_cube_bringup' build argument 'catkin_cmake_args' from command line to 'None'
[0.212s] Level 5:colcon.colcon_core.verb:set package 'jdamr_cube_bringup' build argument 'catkin_skip_building_tests' from command line to 'False'
[0.212s] DEBUG:colcon.colcon_core.verb:Building package 'jdamr_cube_bringup' with the following arguments: {'ament_cmake_args': None, 'build_base': '/home/jd/jdamr_cube_ws/src/jdamr_cube_ros/build/jdamr_cube_bringup', 'catkin_cmake_args': None, 'catkin_skip_building_tests': False, 'cmake_args': None, 'cmake_clean_cache': False, 'cmake_clean_first': False, 'cmake_force_configure': False, 'cmake_target': None, 'cmake_target_skip_unavailable': False, 'install_base': '/home/jd/jdamr_cube_ws/src/jdamr_cube_ros/install/jdamr_cube_bringup', 'merge_install': False, 'path': '/home/jd/jdamr_cube_ws/src/jdamr_cube_ros/jdamr_cube_bringup', 'symlink_install': False, 'test_result_base': None}
[0.213s] Level 5:colcon.colcon_core.verb:set package 'jdamr_cube_cartographer' build argument 'cmake_args' from command line to 'None'
[0.213s] Level 5:colcon.colcon_core.verb:set package 'jdamr_cube_cartographer' build argument 'cmake_target' from command line to 'None'
[0.213s] Level 5:colcon.colcon_core.verb:set package 'jdamr_cube_cartographer' build argument 'cmake_target_skip_unavailable' from command line to 'False'
[0.213s] Level 5:colcon.colcon_core.verb:set package 'jdamr_cube_cartographer' build argument 'cmake_clean_cache' from command line to 'False'
[0.213s] Level 5:colcon.colcon_core.verb:set package 'jdamr_cube_cartographer' build argument 'cmake_clean_first' from command line to 'False'
[0.213s] Level 5:colcon.colcon_core.verb:set package 'jdamr_cube_cartographer' build argument 'cmake_force_configure' from command line to 'False'
[0.213s] Level 5:colcon.colcon_core.verb:set package 'jdamr_cube_cartographer' build argument 'ament_cmake_args' from command line to 'None'
[0.213s] Level 5:colcon.colcon_core.verb:set package 'jdamr_cube_cartographer' build argument 'catkin_cmake_args' from command line to 'None'
[0.213s] Level 5:colcon.colcon_core.verb:set package 'jdamr_cube_cartographer' build argument 'catkin_skip_building_tests' from command line to 'False'
[0.213s] DEBUG:colcon.colcon_core.verb:Building package 'jdamr_cube_cartographer' with the following arguments: {'ament_cmake_args': None, 'build_base': '/home/jd/jdamr_cube_ws/src/jdamr_cube_ros/build/jdamr_cube_cartographer', 'catkin_cmake_args': None, 'catkin_skip_building_tests': False, 'cmake_args': None, 'cmake_clean_cache': False, 'cmake_clean_first': False, 'cmake_force_configure': False, 'cmake_target': None, 'cmake_target_skip_unavailable': False, 'install_base': '/home/jd/jdamr_cube_ws/src/jdamr_cube_ros/install/jdamr_cube_cartographer', 'merge_install': False, 'path': '/home/jd/jdamr_cube_ws/src/jdamr_cube_ros/jdamr_cube_cartographer', 'symlink_install': False, 'test_result_base': None}
[0.213s] Level 5:colcon.colcon_core.verb:set package 'jdamr_cube_description' build argument 'cmake_args' from command line to 'None'
[0.213s] Level 5:colcon.colcon_core.verb:set package 'jdamr_cube_description' build argument 'cmake_target' from command line to 'None'
[0.213s] Level 5:colcon.colcon_core.verb:set package 'jdamr_cube_description' build argument 'cmake_target_skip_unavailable' from command line to 'False'
[0.213s] Level 5:colcon.colcon_core.verb:set package 'jdamr_cube_description' build argument 'cmake_clean_cache' from command line to 'False'
[0.213s] Level 5:colcon.colcon_core.verb:set package 'jdamr_cube_description' build argument 'cmake_clean_first' from command line to 'False'
[0.213s] Level 5:colcon.colcon_core.verb:set package 'jdamr_cube_description' build argument 'cmake_force_configure' from command line to 'False'
[0.213s] Level 5:colcon.colcon_core.verb:set package 'jdamr_cube_description' build argument 'ament_cmake_args' from command line to 'None'
[0.213s] Level 5:colcon.colcon_core.verb:set package 'jdamr_cube_description' build argument 'catkin_cmake_args' from command line to 'None'
[0.213s] Level 5:colcon.colcon_core.verb:set package 'jdamr_cube_description' build argument 'catkin_skip_building_tests' from command line to 'False'
[0.213s] DEBUG:colcon.colcon_core.verb:Building package 'jdamr_cube_description' with the following arguments: {'ament_cmake_args': None, 'build_base': '/home/jd/jdamr_cube_ws/src/jdamr_cube_ros/build/jdamr_cube_description', 'catkin_cmake_args': None, 'catkin_skip_building_tests': False, 'cmake_args': None, 'cmake_clean_cache': False, 'cmake_clean_first': False, 'cmake_force_configure': False, 'cmake_target': None, 'cmake_target_skip_unavailable': False, 'install_base': '/home/jd/jdamr_cube_ws/src/jdamr_cube_ros/install/jdamr_cube_description', 'merge_install': False, 'path': '/home/jd/jdamr_cube_ws/src/jdamr_cube_ros/jdamr_cube_description', 'symlink_install': False, 'test_result_base': None}
[0.213s] Level 5:colcon.colcon_core.verb:set package 'jdamr_cube_node' build argument 'cmake_args' from command line to 'None'
[0.213s] Level 5:colcon.colcon_core.verb:set package 'jdamr_cube_node' build argument 'cmake_target' from command line to 'None'
[0.213s] Level 5:colcon.colcon_core.verb:set package 'jdamr_cube_node' build argument 'cmake_target_skip_unavailable' from command line to 'False'
[0.213s] Level 5:colcon.colcon_core.verb:set package 'jdamr_cube_node' build argument 'cmake_clean_cache' from command line to 'False'
[0.213s] Level 5:colcon.colcon_core.verb:set package 'jdamr_cube_node' build argument 'cmake_clean_first' from command line to 'False'
[0.213s] Level 5:colcon.colcon_core.verb:set package 'jdamr_cube_node' build argument 'cmake_force_configure' from command line to 'False'
[0.213s] Level 5:colcon.colcon_core.verb:set package 'jdamr_cube_node' build argument 'ament_cmake_args' from command line to 'None'
[0.213s] Level 5:colcon.colcon_core.verb:set package 'jdamr_cube_node' build argument 'catkin_cmake_args' from command line to 'None'
[0.214s] Level 5:colcon.colcon_core.verb:set package 'jdamr_cube_node' build argument 'catkin_skip_building_tests' from command line to 'False'
[0.214s] DEBUG:colcon.colcon_core.verb:Building package 'jdamr_cube_node' with the following arguments: {'ament_cmake_args': None, 'build_base': '/home/jd/jdamr_cube_ws/src/jdamr_cube_ros/build/jdamr_cube_node', 'catkin_cmake_args': None, 'catkin_skip_building_tests': False, 'cmake_args': None, 'cmake_clean_cache': False, 'cmake_clean_first': False, 'cmake_force_configure': False, 'cmake_target': None, 'cmake_target_skip_unavailable': False, 'install_base': '/home/jd/jdamr_cube_ws/src/jdamr_cube_ros/install/jdamr_cube_node', 'merge_install': False, 'path': '/home/jd/jdamr_cube_ws/src/jdamr_cube_ros/jdamr_cube_node', 'symlink_install': False, 'test_result_base': None}
[0.214s] Level 5:colcon.colcon_core.verb:set package 'jdamr_cube_teleop' build argument 'cmake_args' from command line to 'None'
[0.214s] Level 5:colcon.colcon_core.verb:set package 'jdamr_cube_teleop' build argument 'cmake_target' from command line to 'None'
[0.214s] Level 5:colcon.colcon_core.verb:set package 'jdamr_cube_teleop' build argument 'cmake_target_skip_unavailable' from command line to 'False'
[0.214s] Level 5:colcon.colcon_core.verb:set package 'jdamr_cube_teleop' build argument 'cmake_clean_cache' from command line to 'False'
[0.214s] Level 5:colcon.colcon_core.verb:set package 'jdamr_cube_teleop' build argument 'cmake_clean_first' from command line to 'False'
[0.214s] Level 5:colcon.colcon_core.verb:set package 'jdamr_cube_teleop' build argument 'cmake_force_configure' from command line to 'False'
[0.214s] Level 5:colcon.colcon_core.verb:set package 'jdamr_cube_teleop' build argument 'ament_cmake_args' from command line to 'None'
[0.214s] Level 5:colcon.colcon_core.verb:set package 'jdamr_cube_teleop' build argument 'catkin_cmake_args' from command line to 'None'
[0.214s] Level 5:colcon.colcon_core.verb:set package 'jdamr_cube_teleop' build argument 'catkin_skip_building_tests' from command line to 'False'
[0.214s] DEBUG:colcon.colcon_core.verb:Building package 'jdamr_cube_teleop' with the following arguments: {'ament_cmake_args': None, 'build_base': '/home/jd/jdamr_cube_ws/src/jdamr_cube_ros/build/jdamr_cube_teleop', 'catkin_cmake_args': None, 'catkin_skip_building_tests': False, 'cmake_args': None, 'cmake_clean_cache': False, 'cmake_clean_first': False, 'cmake_force_configure': False, 'cmake_target': None, 'cmake_target_skip_unavailable': False, 'install_base': '/home/jd/jdamr_cube_ws/src/jdamr_cube_ros/install/jdamr_cube_teleop', 'merge_install': False, 'path': '/home/jd/jdamr_cube_ws/src/jdamr_cube_ros/jdamr_cube_teleop', 'symlink_install': False, 'test_result_base': None}
[0.214s] Level 5:colcon.colcon_core.verb:set package 'ldlidar_sl_ros2' build argument 'cmake_args' from command line to 'None'
[0.214s] Level 5:colcon.colcon_core.verb:set package 'ldlidar_sl_ros2' build argument 'cmake_target' from command line to 'None'
[0.214s] Level 5:colcon.colcon_core.verb:set package 'ldlidar_sl_ros2' build argument 'cmake_target_skip_unavailable' from command line to 'False'
[0.214s] Level 5:colcon.colcon_core.verb:set package 'ldlidar_sl_ros2' build argument 'cmake_clean_cache' from command line to 'False'
[0.214s] Level 5:colcon.colcon_core.verb:set package 'ldlidar_sl_ros2' build argument 'cmake_clean_first' from command line to 'False'
[0.214s] Level 5:colcon.colcon_core.verb:set package 'ldlidar_sl_ros2' build argument 'cmake_force_configure' from command line to 'False'
[0.214s] Level 5:colcon.colcon_core.verb:set package 'ldlidar_sl_ros2' build argument 'ament_cmake_args' from command line to 'None'
[0.214s] Level 5:colcon.colcon_core.verb:set package 'ldlidar_sl_ros2' build argument 'catkin_cmake_args' from command line to 'None'
[0.214s] Level 5:colcon.colcon_core.verb:set package 'ldlidar_sl_ros2' build argument 'catkin_skip_building_tests' from command line to 'False'
[0.214s] DEBUG:colcon.colcon_core.verb:Building package 'ldlidar_sl_ros2' with the following arguments: {'ament_cmake_args': None, 'build_base': '/home/jd/jdamr_cube_ws/src/jdamr_cube_ros/build/ldlidar_sl_ros2', 'catkin_cmake_args': None, 'catkin_skip_building_tests': False, 'cmake_args': None, 'cmake_clean_cache': False, 'cmake_clean_first': False, 'cmake_force_configure': False, 'cmake_target': None, 'cmake_target_skip_unavailable': False, 'install_base': '/home/jd/jdamr_cube_ws/src/jdamr_cube_ros/install/ldlidar_sl_ros2', 'merge_install': False, 'path': '/home/jd/jdamr_cube_ws/src/jdamr_cube_ros/ldlidar_sl_ros2', 'symlink_install': False, 'test_result_base': None}
[0.214s] INFO:colcon.colcon_core.executor:Executing jobs using 'parallel' executor
[0.216s] DEBUG:colcon.colcon_parallel_executor.executor.parallel:run_until_complete
[0.216s] INFO:colcon.colcon_ros.task.ament_python.build:Building ROS package in '/home/jd/jdamr_cube_ws/src/jdamr_cube_ros/jdamr_cube_bringup' with build type 'ament_python'
[0.216s] Level 1:colcon.colcon_core.shell:create_environment_hook('jdamr_cube_bringup', 'ament_prefix_path')
[0.218s] INFO:colcon.colcon_core.plugin_system:Skipping extension 'colcon_core.shell.bat': Not used on non-Windows systems
[0.218s] INFO:colcon.colcon_core.shell:Creating environment hook '/home/jd/jdamr_cube_ws/src/jdamr_cube_ros/install/jdamr_cube_bringup/share/jdamr_cube_bringup/hook/ament_prefix_path.ps1'
[0.219s] INFO:colcon.colcon_core.shell:Creating environment descriptor '/home/jd/jdamr_cube_ws/src/jdamr_cube_ros/install/jdamr_cube_bringup/share/jdamr_cube_bringup/hook/ament_prefix_path.dsv'
[0.219s] INFO:colcon.colcon_core.shell:Creating environment hook '/home/jd/jdamr_cube_ws/src/jdamr_cube_ros/install/jdamr_cube_bringup/share/jdamr_cube_bringup/hook/ament_prefix_path.sh'
[0.219s] INFO:colcon.colcon_core.shell:Skip shell extension 'powershell' for command environment: Not usable outside of PowerShell
[0.220s] DEBUG:colcon.colcon_core.shell:Skip shell extension 'dsv' for command environment
[0.223s] INFO:colcon.colcon_ros.task.ament_python.build:Building ROS package in '/home/jd/jdamr_cube_ws/src/jdamr_cube_ros/jdamr_cube_cartographer' with build type 'ament_python'
[0.223s] Level 1:colcon.colcon_core.shell:create_environment_hook('jdamr_cube_cartographer', 'ament_prefix_path')
[0.224s] INFO:colcon.colcon_core.shell:Creating environment hook '/home/jd/jdamr_cube_ws/src/jdamr_cube_ros/install/jdamr_cube_cartographer/share/jdamr_cube_cartographer/hook/ament_prefix_path.ps1'
[0.224s] INFO:colcon.colcon_core.shell:Creating environment descriptor '/home/jd/jdamr_cube_ws/src/jdamr_cube_ros/install/jdamr_cube_cartographer/share/jdamr_cube_cartographer/hook/ament_prefix_path.dsv'
[0.224s] INFO:colcon.colcon_core.shell:Creating environment hook '/home/jd/jdamr_cube_ws/src/jdamr_cube_ros/install/jdamr_cube_cartographer/share/jdamr_cube_cartographer/hook/ament_prefix_path.sh'
[0.225s] INFO:colcon.colcon_core.shell:Skip shell extension 'powershell' for command environment: Not usable outside of PowerShell
[0.225s] DEBUG:colcon.colcon_core.shell:Skip shell extension 'dsv' for command environment
[0.228s] INFO:colcon.colcon_ros.task.ament_python.build:Building ROS package in '/home/jd/jdamr_cube_ws/src/jdamr_cube_ros/jdamr_cube_description' with build type 'ament_python'
[0.228s] Level 1:colcon.colcon_core.shell:create_environment_hook('jdamr_cube_description', 'ament_prefix_path')
[0.229s] INFO:colcon.colcon_core.shell:Creating environment hook '/home/jd/jdamr_cube_ws/src/jdamr_cube_ros/install/jdamr_cube_description/share/jdamr_cube_description/hook/ament_prefix_path.ps1'
[0.230s] INFO:colcon.colcon_core.shell:Creating environment descriptor '/home/jd/jdamr_cube_ws/src/jdamr_cube_ros/install/jdamr_cube_description/share/jdamr_cube_description/hook/ament_prefix_path.dsv'
[0.231s] INFO:colcon.colcon_core.shell:Creating environment hook '/home/jd/jdamr_cube_ws/src/jdamr_cube_ros/install/jdamr_cube_description/share/jdamr_cube_description/hook/ament_prefix_path.sh'
[0.231s] INFO:colcon.colcon_core.shell:Skip shell extension 'powershell' for command environment: Not usable outside of PowerShell
[0.231s] DEBUG:colcon.colcon_core.shell:Skip shell extension 'dsv' for command environment
[0.235s] INFO:colcon.colcon_ros.task.ament_python.build:Building ROS package in '/home/jd/jdamr_cube_ws/src/jdamr_cube_ros/jdamr_cube_node' with build type 'ament_python'
[0.235s] Level 1:colcon.colcon_core.shell:create_environment_hook('jdamr_cube_node', 'ament_prefix_path')
[0.235s] INFO:colcon.colcon_core.shell:Creating environment hook '/home/jd/jdamr_cube_ws/src/jdamr_cube_ros/install/jdamr_cube_node/share/jdamr_cube_node/hook/ament_prefix_path.ps1'
[0.236s] INFO:colcon.colcon_core.shell:Creating environment descriptor '/home/jd/jdamr_cube_ws/src/jdamr_cube_ros/install/jdamr_cube_node/share/jdamr_cube_node/hook/ament_prefix_path.dsv'
[0.236s] INFO:colcon.colcon_core.shell:Creating environment hook '/home/jd/jdamr_cube_ws/src/jdamr_cube_ros/install/jdamr_cube_node/share/jdamr_cube_node/hook/ament_prefix_path.sh'
[0.237s] INFO:colcon.colcon_core.shell:Skip shell extension 'powershell' for command environment: Not usable outside of PowerShell
[0.237s] DEBUG:colcon.colcon_core.shell:Skip shell extension 'dsv' for command environment
[0.240s] INFO:colcon.colcon_ros.task.ament_python.build:Building ROS package in '/home/jd/jdamr_cube_ws/src/jdamr_cube_ros/jdamr_cube_teleop' with build type 'ament_python'
[0.240s] Level 1:colcon.colcon_core.shell:create_environment_hook('jdamr_cube_teleop', 'ament_prefix_path')
[0.241s] INFO:colcon.colcon_core.shell:Creating environment hook '/home/jd/jdamr_cube_ws/src/jdamr_cube_ros/install/jdamr_cube_teleop/share/jdamr_cube_teleop/hook/ament_prefix_path.ps1'
[0.243s] INFO:colcon.colcon_core.shell:Creating environment descriptor '/home/jd/jdamr_cube_ws/src/jdamr_cube_ros/install/jdamr_cube_teleop/share/jdamr_cube_teleop/hook/ament_prefix_path.dsv'
[0.243s] INFO:colcon.colcon_core.shell:Creating environment hook '/home/jd/jdamr_cube_ws/src/jdamr_cube_ros/install/jdamr_cube_teleop/share/jdamr_cube_teleop/hook/ament_prefix_path.sh'
[0.243s] INFO:colcon.colcon_core.shell:Skip shell extension 'powershell' for command environment: Not usable outside of PowerShell
[0.243s] DEBUG:colcon.colcon_core.shell:Skip shell extension 'dsv' for command environment
[0.248s] INFO:colcon.colcon_ros.task.ament_cmake.build:Building ROS package in '/home/jd/jdamr_cube_ws/src/jdamr_cube_ros/ldlidar_sl_ros2' with build type 'ament_cmake'
[0.249s] INFO:colcon.colcon_cmake.task.cmake.build:Building CMake package in '/home/jd/jdamr_cube_ws/src/jdamr_cube_ros/ldlidar_sl_ros2'
[0.249s] INFO:colcon.colcon_core.shell:Skip shell extension 'powershell' for command environment: Not usable outside of PowerShell
[0.249s] DEBUG:colcon.colcon_core.shell:Skip shell extension 'dsv' for command environment
[0.455s] INFO:colcon.colcon_core.task.python.build:Building Python package in '/home/jd/jdamr_cube_ws/src/jdamr_cube_ros/jdamr_cube_bringup'
[0.456s] INFO:colcon.colcon_core.shell:Skip shell extension 'powershell' for command environment: Not usable outside of PowerShell
[0.456s] DEBUG:colcon.colcon_core.shell:Skip shell extension 'dsv' for command environment
[0.626s] INFO:colcon.colcon_core.task.python.build:Building Python package in '/home/jd/jdamr_cube_ws/src/jdamr_cube_ros/jdamr_cube_cartographer'
[0.627s] INFO:colcon.colcon_core.shell:Skip shell extension 'powershell' for command environment: Not usable outside of PowerShell
[0.627s] DEBUG:colcon.colcon_core.shell:Skip shell extension 'dsv' for command environment
[0.829s] INFO:colcon.colcon_core.task.python.build:Building Python package in '/home/jd/jdamr_cube_ws/src/jdamr_cube_ros/jdamr_cube_description'
[0.829s] INFO:colcon.colcon_core.shell:Skip shell extension 'powershell' for command environment: Not usable outside of PowerShell
[0.829s] DEBUG:colcon.colcon_core.shell:Skip shell extension 'dsv' for command environment
[0.995s] INFO:colcon.colcon_core.task.python.build:Building Python package in '/home/jd/jdamr_cube_ws/src/jdamr_cube_ros/jdamr_cube_node'
[0.995s] INFO:colcon.colcon_core.shell:Skip shell extension 'powershell' for command environment: Not usable outside of PowerShell
[0.995s] DEBUG:colcon.colcon_core.shell:Skip shell extension 'dsv' for command environment
[1.156s] INFO:colcon.colcon_core.task.python.build:Building Python package in '/home/jd/jdamr_cube_ws/src/jdamr_cube_ros/jdamr_cube_teleop'
[1.156s] INFO:colcon.colcon_core.shell:Skip shell extension 'powershell' for command environment: Not usable outside of PowerShell
[1.156s] DEBUG:colcon.colcon_core.shell:Skip shell extension 'dsv' for command environment
[1.165s] DEBUG:colcon.colcon_core.event_handler.log_command:Invoking command in '/home/jd/jdamr_cube_ws/src/jdamr_cube_ros/build/ldlidar_sl_ros2': CMAKE_PREFIX_PATH=/opt/ros/humble /usr/bin/cmake /home/jd/jdamr_cube_ws/src/jdamr_cube_ros/ldlidar_sl_ros2 -DCMAKE_INSTALL_PREFIX=/home/jd/jdamr_cube_ws/src/jdamr_cube_ros/install/ldlidar_sl_ros2
[2.060s] DEBUG:colcon.colcon_core.event_handler.log_command:Invoking command in '/home/jd/jdamr_cube_ws/src/jdamr_cube_ros/jdamr_cube_cartographer': PYTHONPATH=/home/jd/jdamr_cube_ws/src/jdamr_cube_ros/build/jdamr_cube_cartographer/prefix_override:/usr/lib/python3/dist-packages/colcon_core/task/python/colcon_distutils_commands:/home/jd/jdamr_cube_ws/src/jdamr_cube_ros/install/jdamr_cube_cartographer/lib/python3.10/site-packages:${PYTHONPATH} /usr/bin/python3 -W ignore:setup.py install is deprecated -W ignore:easy_install command is deprecated setup.py egg_info --egg-base ../build/jdamr_cube_cartographer build --build-base /home/jd/jdamr_cube_ws/src/jdamr_cube_ros/build/jdamr_cube_cartographer/build install --record /home/jd/jdamr_cube_ws/src/jdamr_cube_ros/build/jdamr_cube_cartographer/install.log --single-version-externally-managed install_data
[2.069s] DEBUG:colcon.colcon_core.event_handler.log_command:Invoking command in '/home/jd/jdamr_cube_ws/src/jdamr_cube_ros/jdamr_cube_description': PYTHONPATH=/home/jd/jdamr_cube_ws/src/jdamr_cube_ros/build/jdamr_cube_description/prefix_override:/usr/lib/python3/dist-packages/colcon_core/task/python/colcon_distutils_commands:/home/jd/jdamr_cube_ws/src/jdamr_cube_ros/install/jdamr_cube_description/lib/python3.10/site-packages:${PYTHONPATH} /usr/bin/python3 -W ignore:setup.py install is deprecated -W ignore:easy_install command is deprecated setup.py egg_info --egg-base ../build/jdamr_cube_description build --build-base /home/jd/jdamr_cube_ws/src/jdamr_cube_ros/build/jdamr_cube_description/build install --record /home/jd/jdamr_cube_ws/src/jdamr_cube_ros/build/jdamr_cube_description/install.log --single-version-externally-managed install_data
[2.095s] DEBUG:colcon.colcon_core.event_handler.log_command:Invoking command in '/home/jd/jdamr_cube_ws/src/jdamr_cube_ros/jdamr_cube_node': PYTHONPATH=/home/jd/jdamr_cube_ws/src/jdamr_cube_ros/build/jdamr_cube_node/prefix_override:/usr/lib/python3/dist-packages/colcon_core/task/python/colcon_distutils_commands:/home/jd/jdamr_cube_ws/src/jdamr_cube_ros/install/jdamr_cube_node/lib/python3.10/site-packages:${PYTHONPATH} /usr/bin/python3 -W ignore:setup.py install is deprecated -W ignore:easy_install command is deprecated setup.py egg_info --egg-base ../build/jdamr_cube_node build --build-base /home/jd/jdamr_cube_ws/src/jdamr_cube_ros/build/jdamr_cube_node/build install --record /home/jd/jdamr_cube_ws/src/jdamr_cube_ros/build/jdamr_cube_node/install.log --single-version-externally-managed install_data
[2.101s] DEBUG:colcon.colcon_core.event_handler.log_command:Invoking command in '/home/jd/jdamr_cube_ws/src/jdamr_cube_ros/jdamr_cube_bringup': PYTHONPATH=/home/jd/jdamr_cube_ws/src/jdamr_cube_ros/build/jdamr_cube_bringup/prefix_override:/usr/lib/python3/dist-packages/colcon_core/task/python/colcon_distutils_commands:/home/jd/jdamr_cube_ws/src/jdamr_cube_ros/install/jdamr_cube_bringup/lib/python3.10/site-packages:${PYTHONPATH} /usr/bin/python3 -W ignore:setup.py install is deprecated -W ignore:easy_install command is deprecated setup.py egg_info --egg-base ../build/jdamr_cube_bringup build --build-base /home/jd/jdamr_cube_ws/src/jdamr_cube_ros/build/jdamr_cube_bringup/build install --record /home/jd/jdamr_cube_ws/src/jdamr_cube_ros/build/jdamr_cube_bringup/install.log --single-version-externally-managed install_data
[2.103s] DEBUG:colcon.colcon_core.event_handler.log_command:Invoking command in '/home/jd/jdamr_cube_ws/src/jdamr_cube_ros/jdamr_cube_teleop': PYTHONPATH=/home/jd/jdamr_cube_ws/src/jdamr_cube_ros/build/jdamr_cube_teleop/prefix_override:/usr/lib/python3/dist-packages/colcon_core/task/python/colcon_distutils_commands:/home/jd/jdamr_cube_ws/src/jdamr_cube_ros/install/jdamr_cube_teleop/lib/python3.10/site-packages:${PYTHONPATH} /usr/bin/python3 -W ignore:setup.py install is deprecated -W ignore:easy_install command is deprecated setup.py egg_info --egg-base ../build/jdamr_cube_teleop build --build-base /home/jd/jdamr_cube_ws/src/jdamr_cube_ros/build/jdamr_cube_teleop/build install --record /home/jd/jdamr_cube_ws/src/jdamr_cube_ros/build/jdamr_cube_teleop/install.log --single-version-externally-managed install_data
[2.825s] DEBUG:colcon.colcon_core.event_handler.log_command:Invoked command in '/home/jd/jdamr_cube_ws/src/jdamr_cube_ros/jdamr_cube_cartographer' returned '0': PYTHONPATH=/home/jd/jdamr_cube_ws/src/jdamr_cube_ros/build/jdamr_cube_cartographer/prefix_override:/usr/lib/python3/dist-packages/colcon_core/task/python/colcon_distutils_commands:/home/jd/jdamr_cube_ws/src/jdamr_cube_ros/install/jdamr_cube_cartographer/lib/python3.10/site-packages:${PYTHONPATH} /usr/bin/python3 -W ignore:setup.py install is deprecated -W ignore:easy_install command is deprecated setup.py egg_info --egg-base ../build/jdamr_cube_cartographer build --build-base /home/jd/jdamr_cube_ws/src/jdamr_cube_ros/build/jdamr_cube_cartographer/build install --record /home/jd/jdamr_cube_ws/src/jdamr_cube_ros/build/jdamr_cube_cartographer/install.log --single-version-externally-managed install_data
[2.833s] Level 1:colcon.colcon_core.environment:checking '/home/jd/jdamr_cube_ws/src/jdamr_cube_ros/install/jdamr_cube_cartographer' for CMake module files
[2.835s] Level 1:colcon.colcon_core.environment:checking '/home/jd/jdamr_cube_ws/src/jdamr_cube_ros/install/jdamr_cube_cartographer' for CMake config files
[2.837s] Level 1:colcon.colcon_core.environment:checking '/home/jd/jdamr_cube_ws/src/jdamr_cube_ros/install/jdamr_cube_cartographer/lib'
[2.838s] Level 1:colcon.colcon_core.environment:checking '/home/jd/jdamr_cube_ws/src/jdamr_cube_ros/install/jdamr_cube_cartographer/bin'
[2.838s] Level 1:colcon.colcon_core.environment:checking '/home/jd/jdamr_cube_ws/src/jdamr_cube_ros/install/jdamr_cube_cartographer/lib/pkgconfig/jdamr_cube_cartographer.pc'
[2.838s] Level 1:colcon.colcon_core.environment:checking '/home/jd/jdamr_cube_ws/src/jdamr_cube_ros/install/jdamr_cube_cartographer/lib/python3.10/site-packages'
[2.839s] Level 1:colcon.colcon_core.shell:create_environment_hook('jdamr_cube_cartographer', 'pythonpath')
[2.839s] INFO:colcon.colcon_core.shell:Creating environment hook '/home/jd/jdamr_cube_ws/src/jdamr_cube_ros/install/jdamr_cube_cartographer/share/jdamr_cube_cartographer/hook/pythonpath.ps1'
[2.842s] INFO:colcon.colcon_core.shell:Creating environment descriptor '/home/jd/jdamr_cube_ws/src/jdamr_cube_ros/install/jdamr_cube_cartographer/share/jdamr_cube_cartographer/hook/pythonpath.dsv'
[2.843s] INFO:colcon.colcon_core.shell:Creating environment hook '/home/jd/jdamr_cube_ws/src/jdamr_cube_ros/install/jdamr_cube_cartographer/share/jdamr_cube_cartographer/hook/pythonpath.sh'
[2.844s] Level 1:colcon.colcon_core.environment:checking '/home/jd/jdamr_cube_ws/src/jdamr_cube_ros/install/jdamr_cube_cartographer/bin'
[2.844s] Level 1:colcon.colcon_core.environment:create_environment_scripts_only(jdamr_cube_cartographer)
[2.845s] INFO:colcon.colcon_core.shell:Creating package script '/home/jd/jdamr_cube_ws/src/jdamr_cube_ros/install/jdamr_cube_cartographer/share/jdamr_cube_cartographer/package.ps1'
[2.847s] INFO:colcon.colcon_core.shell:Creating package descriptor '/home/jd/jdamr_cube_ws/src/jdamr_cube_ros/install/jdamr_cube_cartographer/share/jdamr_cube_cartographer/package.dsv'
[2.850s] INFO:colcon.colcon_core.shell:Creating package script '/home/jd/jdamr_cube_ws/src/jdamr_cube_ros/install/jdamr_cube_cartographer/share/jdamr_cube_cartographer/package.sh'
[2.853s] INFO:colcon.colcon_core.shell:Creating package script '/home/jd/jdamr_cube_ws/src/jdamr_cube_ros/install/jdamr_cube_cartographer/share/jdamr_cube_cartographer/package.bash'
[2.855s] INFO:colcon.colcon_core.shell:Creating package script '/home/jd/jdamr_cube_ws/src/jdamr_cube_ros/install/jdamr_cube_cartographer/share/jdamr_cube_cartographer/package.zsh'
[2.857s] Level 1:colcon.colcon_core.environment:create_file_with_runtime_dependencies(/home/jd/jdamr_cube_ws/src/jdamr_cube_ros/install/jdamr_cube_cartographer/share/colcon-core/packages/jdamr_cube_cartographer)
[2.865s] Level 1:colcon.colcon_core.environment:checking '/home/jd/jdamr_cube_ws/src/jdamr_cube_ros/install/jdamr_cube_description' for CMake module files
[2.866s] Level 1:colcon.colcon_core.environment:checking '/home/jd/jdamr_cube_ws/src/jdamr_cube_ros/install/jdamr_cube_description' for CMake config files
[2.869s] DEBUG:colcon.colcon_core.event_handler.log_command:Invoked command in '/home/jd/jdamr_cube_ws/src/jdamr_cube_ros/jdamr_cube_description' returned '0': PYTHONPATH=/home/jd/jdamr_cube_ws/src/jdamr_cube_ros/build/jdamr_cube_description/prefix_override:/usr/lib/python3/dist-packages/colcon_core/task/python/colcon_distutils_commands:/home/jd/jdamr_cube_ws/src/jdamr_cube_ros/install/jdamr_cube_description/lib/python3.10/site-packages:${PYTHONPATH} /usr/bin/python3 -W ignore:setup.py install is deprecated -W ignore:easy_install command is deprecated setup.py egg_info --egg-base ../build/jdamr_cube_description build --build-base /home/jd/jdamr_cube_ws/src/jdamr_cube_ros/build/jdamr_cube_description/build install --record /home/jd/jdamr_cube_ws/src/jdamr_cube_ros/build/jdamr_cube_description/install.log --single-version-externally-managed install_data
[2.882s] Level 1:colcon.colcon_core.environment:checking '/home/jd/jdamr_cube_ws/src/jdamr_cube_ros/install/jdamr_cube_description/lib'
[2.882s] Level 1:colcon.colcon_core.environment:checking '/home/jd/jdamr_cube_ws/src/jdamr_cube_ros/install/jdamr_cube_description/bin'
[2.883s] Level 1:colcon.colcon_core.environment:checking '/home/jd/jdamr_cube_ws/src/jdamr_cube_ros/install/jdamr_cube_description/lib/pkgconfig/jdamr_cube_description.pc'
[2.883s] Level 1:colcon.colcon_core.environment:checking '/home/jd/jdamr_cube_ws/src/jdamr_cube_ros/install/jdamr_cube_description/lib/python3.10/site-packages'
[2.885s] Level 1:colcon.colcon_core.shell:create_environment_hook('jdamr_cube_description', 'pythonpath')
[2.885s] INFO:colcon.colcon_core.shell:Creating environment hook '/home/jd/jdamr_cube_ws/src/jdamr_cube_ros/install/jdamr_cube_description/share/jdamr_cube_description/hook/pythonpath.ps1'
[2.886s] INFO:colcon.colcon_core.shell:Creating environment descriptor '/home/jd/jdamr_cube_ws/src/jdamr_cube_ros/install/jdamr_cube_description/share/jdamr_cube_description/hook/pythonpath.dsv'
[2.887s] INFO:colcon.colcon_core.shell:Creating environment hook '/home/jd/jdamr_cube_ws/src/jdamr_cube_ros/install/jdamr_cube_description/share/jdamr_cube_description/hook/pythonpath.sh'
[2.888s] Level 1:colcon.colcon_core.environment:checking '/home/jd/jdamr_cube_ws/src/jdamr_cube_ros/install/jdamr_cube_description/bin'
[2.888s] Level 1:colcon.colcon_core.environment:create_environment_scripts_only(jdamr_cube_description)
[2.889s] INFO:colcon.colcon_core.shell:Creating package script '/home/jd/jdamr_cube_ws/src/jdamr_cube_ros/install/jdamr_cube_description/share/jdamr_cube_description/package.ps1'
[2.891s] INFO:colcon.colcon_core.shell:Creating package descriptor '/home/jd/jdamr_cube_ws/src/jdamr_cube_ros/install/jdamr_cube_description/share/jdamr_cube_description/package.dsv'
[2.892s] INFO:colcon.colcon_core.shell:Creating package script '/home/jd/jdamr_cube_ws/src/jdamr_cube_ros/install/jdamr_cube_description/share/jdamr_cube_description/package.sh'
[2.894s] INFO:colcon.colcon_core.shell:Creating package script '/home/jd/jdamr_cube_ws/src/jdamr_cube_ros/install/jdamr_cube_description/share/jdamr_cube_description/package.bash'
[2.896s] INFO:colcon.colcon_core.shell:Creating package script '/home/jd/jdamr_cube_ws/src/jdamr_cube_ros/install/jdamr_cube_description/share/jdamr_cube_description/package.zsh'
[2.897s] Level 1:colcon.colcon_core.environment:create_file_with_runtime_dependencies(/home/jd/jdamr_cube_ws/src/jdamr_cube_ros/install/jdamr_cube_description/share/colcon-core/packages/jdamr_cube_description)
[2.899s] Level 1:colcon.colcon_core.environment:checking '/home/jd/jdamr_cube_ws/src/jdamr_cube_ros/install/jdamr_cube_node' for CMake module files
[2.900s] DEBUG:colcon.colcon_core.event_handler.log_command:Invoked command in '/home/jd/jdamr_cube_ws/src/jdamr_cube_ros/jdamr_cube_node' returned '0': PYTHONPATH=/home/jd/jdamr_cube_ws/src/jdamr_cube_ros/build/jdamr_cube_node/prefix_override:/usr/lib/python3/dist-packages/colcon_core/task/python/colcon_distutils_commands:/home/jd/jdamr_cube_ws/src/jdamr_cube_ros/install/jdamr_cube_node/lib/python3.10/site-packages:${PYTHONPATH} /usr/bin/python3 -W ignore:setup.py install is deprecated -W ignore:easy_install command is deprecated setup.py egg_info --egg-base ../build/jdamr_cube_node build --build-base /home/jd/jdamr_cube_ws/src/jdamr_cube_ros/build/jdamr_cube_node/build install --record /home/jd/jdamr_cube_ws/src/jdamr_cube_ros/build/jdamr_cube_node/install.log --single-version-externally-managed install_data
[2.901s] Level 1:colcon.colcon_core.environment:checking '/home/jd/jdamr_cube_ws/src/jdamr_cube_ros/install/jdamr_cube_node' for CMake config files
[2.902s] Level 1:colcon.colcon_core.environment:checking '/home/jd/jdamr_cube_ws/src/jdamr_cube_ros/install/jdamr_cube_node/lib'
[2.902s] Level 1:colcon.colcon_core.environment:checking '/home/jd/jdamr_cube_ws/src/jdamr_cube_ros/install/jdamr_cube_node/bin'
[2.902s] Level 1:colcon.colcon_core.environment:checking '/home/jd/jdamr_cube_ws/src/jdamr_cube_ros/install/jdamr_cube_node/lib/pkgconfig/jdamr_cube_node.pc'
[2.902s] Level 1:colcon.colcon_core.environment:checking '/home/jd/jdamr_cube_ws/src/jdamr_cube_ros/install/jdamr_cube_node/lib/python3.10/site-packages'
[2.902s] Level 1:colcon.colcon_core.shell:create_environment_hook('jdamr_cube_node', 'pythonpath')
[2.903s] INFO:colcon.colcon_core.shell:Creating environment hook '/home/jd/jdamr_cube_ws/src/jdamr_cube_ros/install/jdamr_cube_node/share/jdamr_cube_node/hook/pythonpath.ps1'
[2.903s] INFO:colcon.colcon_core.shell:Creating environment descriptor '/home/jd/jdamr_cube_ws/src/jdamr_cube_ros/install/jdamr_cube_node/share/jdamr_cube_node/hook/pythonpath.dsv'
[2.904s] INFO:colcon.colcon_core.shell:Creating environment hook '/home/jd/jdamr_cube_ws/src/jdamr_cube_ros/install/jdamr_cube_node/share/jdamr_cube_node/hook/pythonpath.sh'
[2.904s] Level 1:colcon.colcon_core.environment:checking '/home/jd/jdamr_cube_ws/src/jdamr_cube_ros/install/jdamr_cube_node/bin'
[2.904s] Level 1:colcon.colcon_core.environment:create_environment_scripts_only(jdamr_cube_node)
[2.905s] INFO:colcon.colcon_core.shell:Creating package script '/home/jd/jdamr_cube_ws/src/jdamr_cube_ros/install/jdamr_cube_node/share/jdamr_cube_node/package.ps1'
[2.905s] INFO:colcon.colcon_core.shell:Creating package descriptor '/home/jd/jdamr_cube_ws/src/jdamr_cube_ros/install/jdamr_cube_node/share/jdamr_cube_node/package.dsv'
[2.906s] INFO:colcon.colcon_core.shell:Creating package script '/home/jd/jdamr_cube_ws/src/jdamr_cube_ros/install/jdamr_cube_node/share/jdamr_cube_node/package.sh'
[2.907s] INFO:colcon.colcon_core.shell:Creating package script '/home/jd/jdamr_cube_ws/src/jdamr_cube_ros/install/jdamr_cube_node/share/jdamr_cube_node/package.bash'
[2.907s] INFO:colcon.colcon_core.shell:Creating package script '/home/jd/jdamr_cube_ws/src/jdamr_cube_ros/install/jdamr_cube_node/share/jdamr_cube_node/package.zsh'
[2.907s] Level 1:colcon.colcon_core.environment:create_file_with_runtime_dependencies(/home/jd/jdamr_cube_ws/src/jdamr_cube_ros/install/jdamr_cube_node/share/colcon-core/packages/jdamr_cube_node)
[2.908s] Level 1:colcon.colcon_core.environment:checking '/home/jd/jdamr_cube_ws/src/jdamr_cube_ros/install/jdamr_cube_teleop' for CMake module files
[2.912s] DEBUG:colcon.colcon_core.event_handler.log_command:Invoked command in '/home/jd/jdamr_cube_ws/src/jdamr_cube_ros/jdamr_cube_teleop' returned '0': PYTHONPATH=/home/jd/jdamr_cube_ws/src/jdamr_cube_ros/build/jdamr_cube_teleop/prefix_override:/usr/lib/python3/dist-packages/colcon_core/task/python/colcon_distutils_commands:/home/jd/jdamr_cube_ws/src/jdamr_cube_ros/install/jdamr_cube_teleop/lib/python3.10/site-packages:${PYTHONPATH} /usr/bin/python3 -W ignore:setup.py install is deprecated -W ignore:easy_install command is deprecated setup.py egg_info --egg-base ../build/jdamr_cube_teleop build --build-base /home/jd/jdamr_cube_ws/src/jdamr_cube_ros/build/jdamr_cube_teleop/build install --record /home/jd/jdamr_cube_ws/src/jdamr_cube_ros/build/jdamr_cube_teleop/install.log --single-version-externally-managed install_data
[2.912s] Level 1:colcon.colcon_core.environment:checking '/home/jd/jdamr_cube_ws/src/jdamr_cube_ros/install/jdamr_cube_teleop' for CMake config files
[2.913s] Level 1:colcon.colcon_core.environment:checking '/home/jd/jdamr_cube_ws/src/jdamr_cube_ros/install/jdamr_cube_teleop/lib'
[2.913s] Level 1:colcon.colcon_core.environment:checking '/home/jd/jdamr_cube_ws/src/jdamr_cube_ros/install/jdamr_cube_teleop/bin'
[2.913s] Level 1:colcon.colcon_core.environment:checking '/home/jd/jdamr_cube_ws/src/jdamr_cube_ros/install/jdamr_cube_teleop/lib/pkgconfig/jdamr_cube_teleop.pc'
[2.914s] Level 1:colcon.colcon_core.environment:checking '/home/jd/jdamr_cube_ws/src/jdamr_cube_ros/install/jdamr_cube_teleop/lib/python3.10/site-packages'
[2.914s] Level 1:colcon.colcon_core.shell:create_environment_hook('jdamr_cube_teleop', 'pythonpath')
[2.914s] INFO:colcon.colcon_core.shell:Creating environment hook '/home/jd/jdamr_cube_ws/src/jdamr_cube_ros/install/jdamr_cube_teleop/share/jdamr_cube_teleop/hook/pythonpath.ps1'
[2.915s] INFO:colcon.colcon_core.shell:Creating environment descriptor '/home/jd/jdamr_cube_ws/src/jdamr_cube_ros/install/jdamr_cube_teleop/share/jdamr_cube_teleop/hook/pythonpath.dsv'
[2.915s] INFO:colcon.colcon_core.shell:Creating environment hook '/home/jd/jdamr_cube_ws/src/jdamr_cube_ros/install/jdamr_cube_teleop/share/jdamr_cube_teleop/hook/pythonpath.sh'
[2.915s] Level 1:colcon.colcon_core.environment:checking '/home/jd/jdamr_cube_ws/src/jdamr_cube_ros/install/jdamr_cube_teleop/bin'
[2.915s] Level 1:colcon.colcon_core.environment:create_environment_scripts_only(jdamr_cube_teleop)
[2.915s] INFO:colcon.colcon_core.shell:Creating package script '/home/jd/jdamr_cube_ws/src/jdamr_cube_ros/install/jdamr_cube_teleop/share/jdamr_cube_teleop/package.ps1'
[2.916s] INFO:colcon.colcon_core.shell:Creating package descriptor '/home/jd/jdamr_cube_ws/src/jdamr_cube_ros/install/jdamr_cube_teleop/share/jdamr_cube_teleop/package.dsv'
[2.916s] INFO:colcon.colcon_core.shell:Creating package script '/home/jd/jdamr_cube_ws/src/jdamr_cube_ros/install/jdamr_cube_teleop/share/jdamr_cube_teleop/package.sh'
[2.916s] INFO:colcon.colcon_core.shell:Creating package script '/home/jd/jdamr_cube_ws/src/jdamr_cube_ros/install/jdamr_cube_teleop/share/jdamr_cube_teleop/package.bash'
[2.917s] INFO:colcon.colcon_core.shell:Creating package script '/home/jd/jdamr_cube_ws/src/jdamr_cube_ros/install/jdamr_cube_teleop/share/jdamr_cube_teleop/package.zsh'
[2.917s] Level 1:colcon.colcon_core.environment:create_file_with_runtime_dependencies(/home/jd/jdamr_cube_ws/src/jdamr_cube_ros/install/jdamr_cube_teleop/share/colcon-core/packages/jdamr_cube_teleop)
[2.919s] Level 1:colcon.colcon_core.environment:checking '/home/jd/jdamr_cube_ws/src/jdamr_cube_ros/install/jdamr_cube_bringup' for CMake module files
[2.919s] DEBUG:colcon.colcon_core.event_handler.log_command:Invoked command in '/home/jd/jdamr_cube_ws/src/jdamr_cube_ros/jdamr_cube_bringup' returned '0': PYTHONPATH=/home/jd/jdamr_cube_ws/src/jdamr_cube_ros/build/jdamr_cube_bringup/prefix_override:/usr/lib/python3/dist-packages/colcon_core/task/python/colcon_distutils_commands:/home/jd/jdamr_cube_ws/src/jdamr_cube_ros/install/jdamr_cube_bringup/lib/python3.10/site-packages:${PYTHONPATH} /usr/bin/python3 -W ignore:setup.py install is deprecated -W ignore:easy_install command is deprecated setup.py egg_info --egg-base ../build/jdamr_cube_bringup build --build-base /home/jd/jdamr_cube_ws/src/jdamr_cube_ros/build/jdamr_cube_bringup/build install --record /home/jd/jdamr_cube_ws/src/jdamr_cube_ros/build/jdamr_cube_bringup/install.log --single-version-externally-managed install_data
[2.919s] Level 1:colcon.colcon_core.environment:checking '/home/jd/jdamr_cube_ws/src/jdamr_cube_ros/install/jdamr_cube_bringup' for CMake config files
[2.920s] Level 1:colcon.colcon_core.environment:checking '/home/jd/jdamr_cube_ws/src/jdamr_cube_ros/install/jdamr_cube_bringup/lib'
[2.920s] Level 1:colcon.colcon_core.environment:checking '/home/jd/jdamr_cube_ws/src/jdamr_cube_ros/install/jdamr_cube_bringup/bin'
[2.921s] Level 1:colcon.colcon_core.environment:checking '/home/jd/jdamr_cube_ws/src/jdamr_cube_ros/install/jdamr_cube_bringup/lib/pkgconfig/jdamr_cube_bringup.pc'
[2.921s] Level 1:colcon.colcon_core.environment:checking '/home/jd/jdamr_cube_ws/src/jdamr_cube_ros/install/jdamr_cube_bringup/lib/python3.10/site-packages'
[2.921s] Level 1:colcon.colcon_core.shell:create_environment_hook('jdamr_cube_bringup', 'pythonpath')
[2.921s] INFO:colcon.colcon_core.shell:Creating environment hook '/home/jd/jdamr_cube_ws/src/jdamr_cube_ros/install/jdamr_cube_bringup/share/jdamr_cube_bringup/hook/pythonpath.ps1'
[2.922s] INFO:colcon.colcon_core.shell:Creating environment descriptor '/home/jd/jdamr_cube_ws/src/jdamr_cube_ros/install/jdamr_cube_bringup/share/jdamr_cube_bringup/hook/pythonpath.dsv'
[2.922s] INFO:colcon.colcon_core.shell:Creating environment hook '/home/jd/jdamr_cube_ws/src/jdamr_cube_ros/install/jdamr_cube_bringup/share/jdamr_cube_bringup/hook/pythonpath.sh'
[2.923s] Level 1:colcon.colcon_core.environment:checking '/home/jd/jdamr_cube_ws/src/jdamr_cube_ros/install/jdamr_cube_bringup/bin'
[2.923s] Level 1:colcon.colcon_core.environment:create_environment_scripts_only(jdamr_cube_bringup)
[2.923s] INFO:colcon.colcon_core.shell:Creating package script '/home/jd/jdamr_cube_ws/src/jdamr_cube_ros/install/jdamr_cube_bringup/share/jdamr_cube_bringup/package.ps1'
[2.924s] INFO:colcon.colcon_core.shell:Creating package descriptor '/home/jd/jdamr_cube_ws/src/jdamr_cube_ros/install/jdamr_cube_bringup/share/jdamr_cube_bringup/package.dsv'
[2.925s] INFO:colcon.colcon_core.shell:Creating package script '/home/jd/jdamr_cube_ws/src/jdamr_cube_ros/install/jdamr_cube_bringup/share/jdamr_cube_bringup/package.sh'
[2.925s] INFO:colcon.colcon_core.shell:Creating package script '/home/jd/jdamr_cube_ws/src/jdamr_cube_ros/install/jdamr_cube_bringup/share/jdamr_cube_bringup/package.bash'
[2.926s] INFO:colcon.colcon_core.shell:Creating package script '/home/jd/jdamr_cube_ws/src/jdamr_cube_ros/install/jdamr_cube_bringup/share/jdamr_cube_bringup/package.zsh'
[2.926s] Level 1:colcon.colcon_core.environment:create_file_with_runtime_dependencies(/home/jd/jdamr_cube_ws/src/jdamr_cube_ros/install/jdamr_cube_bringup/share/colcon-core/packages/jdamr_cube_bringup)
[3.488s] DEBUG:colcon.colcon_core.event_handler.log_command:Invoked command in '/home/jd/jdamr_cube_ws/src/jdamr_cube_ros/build/ldlidar_sl_ros2' returned '0': CMAKE_PREFIX_PATH=/opt/ros/humble /usr/bin/cmake /home/jd/jdamr_cube_ws/src/jdamr_cube_ros/ldlidar_sl_ros2 -DCMAKE_INSTALL_PREFIX=/home/jd/jdamr_cube_ws/src/jdamr_cube_ros/install/ldlidar_sl_ros2
[3.490s] DEBUG:colcon.colcon_core.event_handler.log_command:Invoking command in '/home/jd/jdamr_cube_ws/src/jdamr_cube_ros/build/ldlidar_sl_ros2': CMAKE_PREFIX_PATH=/opt/ros/humble /usr/bin/cmake --build /home/jd/jdamr_cube_ws/src/jdamr_cube_ros/build/ldlidar_sl_ros2 -- -j10 -l10
[3.838s] DEBUG:colcon.colcon_core.event_handler.log_command:Invoked command in '/home/jd/jdamr_cube_ws/src/jdamr_cube_ros/build/ldlidar_sl_ros2' returned '0': CMAKE_PREFIX_PATH=/opt/ros/humble /usr/bin/cmake --build /home/jd/jdamr_cube_ws/src/jdamr_cube_ros/build/ldlidar_sl_ros2 -- -j10 -l10
[3.855s] DEBUG:colcon.colcon_core.event_handler.log_command:Invoking command in '/home/jd/jdamr_cube_ws/src/jdamr_cube_ros/build/ldlidar_sl_ros2': CMAKE_PREFIX_PATH=/opt/ros/humble /usr/bin/cmake --install /home/jd/jdamr_cube_ws/src/jdamr_cube_ros/build/ldlidar_sl_ros2
[3.870s] Level 1:colcon.colcon_core.environment:create_environment_scripts_only(ldlidar_sl_ros2)
[3.870s] Level 1:colcon.colcon_core.environment:checking '/home/jd/jdamr_cube_ws/src/jdamr_cube_ros/install/ldlidar_sl_ros2' for CMake module files
[3.871s] DEBUG:colcon.colcon_core.event_handler.log_command:Invoked command in '/home/jd/jdamr_cube_ws/src/jdamr_cube_ros/build/ldlidar_sl_ros2' returned '0': CMAKE_PREFIX_PATH=/opt/ros/humble /usr/bin/cmake --install /home/jd/jdamr_cube_ws/src/jdamr_cube_ros/build/ldlidar_sl_ros2
[3.871s] Level 1:colcon.colcon_core.environment:checking '/home/jd/jdamr_cube_ws/src/jdamr_cube_ros/install/ldlidar_sl_ros2' for CMake config files
[3.871s] Level 1:colcon.colcon_core.shell:create_environment_hook('ldlidar_sl_ros2', 'cmake_prefix_path')
[3.872s] INFO:colcon.colcon_core.shell:Creating environment hook '/home/jd/jdamr_cube_ws/src/jdamr_cube_ros/install/ldlidar_sl_ros2/share/ldlidar_sl_ros2/hook/cmake_prefix_path.ps1'
[3.872s] INFO:colcon.colcon_core.shell:Creating environment descriptor '/home/jd/jdamr_cube_ws/src/jdamr_cube_ros/install/ldlidar_sl_ros2/share/ldlidar_sl_ros2/hook/cmake_prefix_path.dsv'
[3.872s] INFO:colcon.colcon_core.shell:Creating environment hook '/home/jd/jdamr_cube_ws/src/jdamr_cube_ros/install/ldlidar_sl_ros2/share/ldlidar_sl_ros2/hook/cmake_prefix_path.sh'
[3.873s] Level 1:colcon.colcon_core.environment:checking '/home/jd/jdamr_cube_ws/src/jdamr_cube_ros/install/ldlidar_sl_ros2/lib'
[3.873s] Level 1:colcon.colcon_core.environment:checking '/home/jd/jdamr_cube_ws/src/jdamr_cube_ros/install/ldlidar_sl_ros2/bin'
[3.873s] Level 1:colcon.colcon_core.environment:checking '/home/jd/jdamr_cube_ws/src/jdamr_cube_ros/install/ldlidar_sl_ros2/lib/pkgconfig/ldlidar_sl_ros2.pc'
[3.873s] Level 1:colcon.colcon_core.environment:checking '/home/jd/jdamr_cube_ws/src/jdamr_cube_ros/install/ldlidar_sl_ros2/lib/python3.10/site-packages'
[3.873s] Level 1:colcon.colcon_core.environment:checking '/home/jd/jdamr_cube_ws/src/jdamr_cube_ros/install/ldlidar_sl_ros2/bin'
[3.873s] INFO:colcon.colcon_core.shell:Creating package script '/home/jd/jdamr_cube_ws/src/jdamr_cube_ros/install/ldlidar_sl_ros2/share/ldlidar_sl_ros2/package.ps1'
[3.874s] INFO:colcon.colcon_core.shell:Creating package descriptor '/home/jd/jdamr_cube_ws/src/jdamr_cube_ros/install/ldlidar_sl_ros2/share/ldlidar_sl_ros2/package.dsv'
[3.874s] INFO:colcon.colcon_core.shell:Creating package script '/home/jd/jdamr_cube_ws/src/jdamr_cube_ros/install/ldlidar_sl_ros2/share/ldlidar_sl_ros2/package.sh'
[3.874s] INFO:colcon.colcon_core.shell:Creating package script '/home/jd/jdamr_cube_ws/src/jdamr_cube_ros/install/ldlidar_sl_ros2/share/ldlidar_sl_ros2/package.bash'
[3.875s] INFO:colcon.colcon_core.shell:Creating package script '/home/jd/jdamr_cube_ws/src/jdamr_cube_ros/install/ldlidar_sl_ros2/share/ldlidar_sl_ros2/package.zsh'
[3.875s] Level 1:colcon.colcon_core.environment:create_file_with_runtime_dependencies(/home/jd/jdamr_cube_ws/src/jdamr_cube_ros/install/ldlidar_sl_ros2/share/colcon-core/packages/ldlidar_sl_ros2)
[3.875s] Level 1:colcon.colcon_core.environment:create_environment_scripts_only(ldlidar_sl_ros2)
[3.876s] Level 1:colcon.colcon_core.environment:checking '/home/jd/jdamr_cube_ws/src/jdamr_cube_ros/install/ldlidar_sl_ros2' for CMake module files
[3.876s] Level 1:colcon.colcon_core.environment:checking '/home/jd/jdamr_cube_ws/src/jdamr_cube_ros/install/ldlidar_sl_ros2' for CMake config files
[3.876s] Level 1:colcon.colcon_core.shell:create_environment_hook('ldlidar_sl_ros2', 'cmake_prefix_path')
[3.877s] INFO:colcon.colcon_core.shell:Creating environment hook '/home/jd/jdamr_cube_ws/src/jdamr_cube_ros/install/ldlidar_sl_ros2/share/ldlidar_sl_ros2/hook/cmake_prefix_path.ps1'
[3.877s] INFO:colcon.colcon_core.shell:Creating environment descriptor '/home/jd/jdamr_cube_ws/src/jdamr_cube_ros/install/ldlidar_sl_ros2/share/ldlidar_sl_ros2/hook/cmake_prefix_path.dsv'
[3.877s] INFO:colcon.colcon_core.shell:Creating environment hook '/home/jd/jdamr_cube_ws/src/jdamr_cube_ros/install/ldlidar_sl_ros2/share/ldlidar_sl_ros2/hook/cmake_prefix_path.sh'
[3.878s] Level 1:colcon.colcon_core.environment:checking '/home/jd/jdamr_cube_ws/src/jdamr_cube_ros/install/ldlidar_sl_ros2/lib'
[3.878s] Level 1:colcon.colcon_core.environment:checking '/home/jd/jdamr_cube_ws/src/jdamr_cube_ros/install/ldlidar_sl_ros2/bin'
[3.878s] Level 1:colcon.colcon_core.environment:checking '/home/jd/jdamr_cube_ws/src/jdamr_cube_ros/install/ldlidar_sl_ros2/lib/pkgconfig/ldlidar_sl_ros2.pc'
[3.878s] Level 1:colcon.colcon_core.environment:checking '/home/jd/jdamr_cube_ws/src/jdamr_cube_ros/install/ldlidar_sl_ros2/lib/python3.10/site-packages'
[3.878s] Level 1:colcon.colcon_core.environment:checking '/home/jd/jdamr_cube_ws/src/jdamr_cube_ros/install/ldlidar_sl_ros2/bin'
[3.878s] INFO:colcon.colcon_core.shell:Creating package script '/home/jd/jdamr_cube_ws/src/jdamr_cube_ros/install/ldlidar_sl_ros2/share/ldlidar_sl_ros2/package.ps1'
[3.879s] INFO:colcon.colcon_core.shell:Creating package descriptor '/home/jd/jdamr_cube_ws/src/jdamr_cube_ros/install/ldlidar_sl_ros2/share/ldlidar_sl_ros2/package.dsv'
[3.879s] INFO:colcon.colcon_core.shell:Creating package script '/home/jd/jdamr_cube_ws/src/jdamr_cube_ros/install/ldlidar_sl_ros2/share/ldlidar_sl_ros2/package.sh'
[3.880s] INFO:colcon.colcon_core.shell:Creating package script '/home/jd/jdamr_cube_ws/src/jdamr_cube_ros/install/ldlidar_sl_ros2/share/ldlidar_sl_ros2/package.bash'
[3.880s] INFO:colcon.colcon_core.shell:Creating package script '/home/jd/jdamr_cube_ws/src/jdamr_cube_ros/install/ldlidar_sl_ros2/share/ldlidar_sl_ros2/package.zsh'
[3.880s] Level 1:colcon.colcon_core.environment:create_file_with_runtime_dependencies(/home/jd/jdamr_cube_ws/src/jdamr_cube_ros/install/ldlidar_sl_ros2/share/colcon-core/packages/ldlidar_sl_ros2)
[3.880s] DEBUG:colcon.colcon_parallel_executor.executor.parallel:closing loop
[3.881s] DEBUG:colcon.colcon_parallel_executor.executor.parallel:loop closed
[3.881s] DEBUG:colcon.colcon_parallel_executor.executor.parallel:run_until_complete finished with '0'
[3.881s] DEBUG:colcon.colcon_core.event_reactor:joining thread
[3.886s] INFO:colcon.colcon_core.plugin_system:Skipping extension 'colcon_notification.desktop_notification.terminal_notifier': Not used on non-Darwin systems
[3.886s] INFO:colcon.colcon_core.plugin_system:Skipping extension 'colcon_notification.desktop_notification.win32': Not used on non-Windows systems
[3.886s] INFO:colcon.colcon_notification.desktop_notification:Sending desktop notification using 'notify2'
[3.898s] DEBUG:colcon.colcon_core.event_reactor:joined thread
[3.899s] INFO:colcon.colcon_core.shell:Creating prefix script '/home/jd/jdamr_cube_ws/src/jdamr_cube_ros/install/local_setup.ps1'
[3.900s] INFO:colcon.colcon_core.shell:Creating prefix util module '/home/jd/jdamr_cube_ws/src/jdamr_cube_ros/install/_local_setup_util_ps1.py'
[3.907s] INFO:colcon.colcon_core.shell:Creating prefix chain script '/home/jd/jdamr_cube_ws/src/jdamr_cube_ros/install/setup.ps1'
[3.908s] INFO:colcon.colcon_core.shell:Creating prefix script '/home/jd/jdamr_cube_ws/src/jdamr_cube_ros/install/local_setup.sh'
[3.908s] INFO:colcon.colcon_core.shell:Creating prefix util module '/home/jd/jdamr_cube_ws/src/jdamr_cube_ros/install/_local_setup_util_sh.py'
[3.909s] INFO:colcon.colcon_core.shell:Creating prefix chain script '/home/jd/jdamr_cube_ws/src/jdamr_cube_ros/install/setup.sh'
[3.910s] INFO:colcon.colcon_core.shell:Creating prefix script '/home/jd/jdamr_cube_ws/src/jdamr_cube_ros/install/local_setup.bash'
[3.911s] INFO:colcon.colcon_core.shell:Creating prefix chain script '/home/jd/jdamr_cube_ws/src/jdamr_cube_ros/install/setup.bash'
[3.912s] INFO:colcon.colcon_core.shell:Creating prefix script '/home/jd/jdamr_cube_ws/src/jdamr_cube_ros/install/local_setup.zsh'
[3.913s] INFO:colcon.colcon_core.shell:Creating prefix chain script '/home/jd/jdamr_cube_ws/src/jdamr_cube_ros/install/setup.zsh'
