running egg_info
creating ../build/jdamr_cube_cartographer/jdamr_cube_cartographer.egg-info
writing ../build/jdamr_cube_cartographer/jdamr_cube_cartographer.egg-info/PKG-INFO
writing dependency_links to ../build/jdamr_cube_cartographer/jdamr_cube_cartographer.egg-info/dependency_links.txt
writing requirements to ../build/jdamr_cube_cartographer/jdamr_cube_cartographer.egg-info/requires.txt
writing top-level names to ../build/jdamr_cube_cartographer/jdamr_cube_cartographer.egg-info/top_level.txt
writing manifest file '../build/jdamr_cube_cartographer/jdamr_cube_cartographer.egg-info/SOURCES.txt'
reading manifest file '../build/jdamr_cube_cartographer/jdamr_cube_cartographer.egg-info/SOURCES.txt'
writing manifest file '../build/jdamr_cube_cartographer/jdamr_cube_cartographer.egg-info/SOURCES.txt'
running build
running build_py
creating /home/jd/jdamr_cube_ws/src/jdamr_cube_ros/build/jdamr_cube_cartographer/build/lib/jdamr_cube_cartographer
copying jdamr_cube_cartographer/__init__.py -> /home/jd/jdamr_cube_ws/src/jdamr_cube_ros/build/jdamr_cube_cartographer/build/lib/jdamr_cube_cartographer
running install
running install_lib
creating /home/jd/jdamr_cube_ws/src/jdamr_cube_ros/install/jdamr_cube_cartographer/lib/python3.10/site-packages/jdamr_cube_cartographer
copying /home/jd/jdamr_cube_ws/src/jdamr_cube_ros/build/jdamr_cube_cartographer/build/lib/jdamr_cube_cartographer/__init__.py -> /home/jd/jdamr_cube_ws/src/jdamr_cube_ros/install/jdamr_cube_cartographer/lib/python3.10/site-packages/jdamr_cube_cartographer
byte-compiling /home/jd/jdamr_cube_ws/src/jdamr_cube_ros/install/jdamr_cube_cartographer/lib/python3.10/site-packages/jdamr_cube_cartographer/__init__.py to __init__.cpython-310.pyc
running install_data
creating /home/jd/jdamr_cube_ws/src/jdamr_cube_ros/install/jdamr_cube_cartographer/share/ament_index/resource_index/packages
copying resource/jdamr_cube_cartographer -> /home/jd/jdamr_cube_ws/src/jdamr_cube_ros/install/jdamr_cube_cartographer/share/ament_index/resource_index/packages
copying package.xml -> /home/jd/jdamr_cube_ws/src/jdamr_cube_ros/install/jdamr_cube_cartographer/share/jdamr_cube_cartographer
creating /home/jd/jdamr_cube_ws/src/jdamr_cube_ros/install/jdamr_cube_cartographer/share/jdamr_cube_cartographer/launch
copying launch/cartographer.launch.py -> /home/jd/jdamr_cube_ws/src/jdamr_cube_ros/install/jdamr_cube_cartographer/share/jdamr_cube_cartographer/launch
creating /home/jd/jdamr_cube_ws/src/jdamr_cube_ros/install/jdamr_cube_cartographer/share/jdamr_cube_cartographer/config
copying config/jdamr_cube_2d.lua -> /home/jd/jdamr_cube_ws/src/jdamr_cube_ros/install/jdamr_cube_cartographer/share/jdamr_cube_cartographer/config
running install_egg_info
Copying ../build/jdamr_cube_cartographer/jdamr_cube_cartographer.egg-info to /home/jd/jdamr_cube_ws/src/jdamr_cube_ros/install/jdamr_cube_cartographer/lib/python3.10/site-packages/jdamr_cube_cartographer-0.0.0-py3.10.egg-info
running install_scripts
writing list of installed files to '/home/jd/jdamr_cube_ws/src/jdamr_cube_ros/build/jdamr_cube_cartographer/install.log'
