[1.836s] Invoking command in '/home/jd/jdamr_cube_ws/src/jdamr_cube_ros/jdamr_cube_cartographer': PYTHONPATH=/home/jd/jdamr_cube_ws/src/jdamr_cube_ros/build/jdamr_cube_cartographer/prefix_override:/usr/lib/python3/dist-packages/colcon_core/task/python/colcon_distutils_commands:/home/jd/jdamr_cube_ws/src/jdamr_cube_ros/install/jdamr_cube_cartographer/lib/python3.10/site-packages:${PYTHONPATH} /usr/bin/python3 -W ignore:setup.py install is deprecated -W ignore:easy_install command is deprecated setup.py egg_info --egg-base ../build/jdamr_cube_cartographer build --build-base /home/jd/jdamr_cube_ws/src/jdamr_cube_ros/build/jdamr_cube_cartographer/build install --record /home/jd/jdamr_cube_ws/src/jdamr_cube_ros/build/jdamr_cube_cartographer/install.log --single-version-externally-managed install_data
[2.322s] running egg_info
[2.349s] creating ../build/jdamr_cube_cartographer/jdamr_cube_cartographer.egg-info
[2.349s] writing ../build/jdamr_cube_cartographer/jdamr_cube_cartographer.egg-info/PKG-INFO
[2.351s] writing dependency_links to ../build/jdamr_cube_cartographer/jdamr_cube_cartographer.egg-info/dependency_links.txt
[2.353s] writing requirements to ../build/jdamr_cube_cartographer/jdamr_cube_cartographer.egg-info/requires.txt
[2.353s] writing top-level names to ../build/jdamr_cube_cartographer/jdamr_cube_cartographer.egg-info/top_level.txt
[2.354s] writing manifest file '../build/jdamr_cube_cartographer/jdamr_cube_cartographer.egg-info/SOURCES.txt'
[2.399s] reading manifest file '../build/jdamr_cube_cartographer/jdamr_cube_cartographer.egg-info/SOURCES.txt'
[2.400s] writing manifest file '../build/jdamr_cube_cartographer/jdamr_cube_cartographer.egg-info/SOURCES.txt'
[2.400s] running build
[2.400s] running build_py
[2.401s] creating /home/jd/jdamr_cube_ws/src/jdamr_cube_ros/build/jdamr_cube_cartographer/build/lib/jdamr_cube_cartographer
[2.401s] copying jdamr_cube_cartographer/__init__.py -> /home/jd/jdamr_cube_ws/src/jdamr_cube_ros/build/jdamr_cube_cartographer/build/lib/jdamr_cube_cartographer
[2.403s] running install
[2.407s] running install_lib
[2.434s] creating /home/jd/jdamr_cube_ws/src/jdamr_cube_ros/install/jdamr_cube_cartographer/lib/python3.10/site-packages/jdamr_cube_cartographer
[2.434s] copying /home/jd/jdamr_cube_ws/src/jdamr_cube_ros/build/jdamr_cube_cartographer/build/lib/jdamr_cube_cartographer/__init__.py -> /home/jd/jdamr_cube_ws/src/jdamr_cube_ros/install/jdamr_cube_cartographer/lib/python3.10/site-packages/jdamr_cube_cartographer
[2.435s] byte-compiling /home/jd/jdamr_cube_ws/src/jdamr_cube_ros/install/jdamr_cube_cartographer/lib/python3.10/site-packages/jdamr_cube_cartographer/__init__.py to __init__.cpython-310.pyc
[2.437s] running install_data
[2.438s] creating /home/jd/jdamr_cube_ws/src/jdamr_cube_ros/install/jdamr_cube_cartographer/share/ament_index/resource_index/packages
[2.438s] copying resource/jdamr_cube_cartographer -> /home/jd/jdamr_cube_ws/src/jdamr_cube_ros/install/jdamr_cube_cartographer/share/ament_index/resource_index/packages
[2.438s] copying package.xml -> /home/jd/jdamr_cube_ws/src/jdamr_cube_ros/install/jdamr_cube_cartographer/share/jdamr_cube_cartographer
[2.439s] creating /home/jd/jdamr_cube_ws/src/jdamr_cube_ros/install/jdamr_cube_cartographer/share/jdamr_cube_cartographer/launch
[2.439s] copying launch/cartographer.launch.py -> /home/jd/jdamr_cube_ws/src/jdamr_cube_ros/install/jdamr_cube_cartographer/share/jdamr_cube_cartographer/launch
[2.439s] creating /home/jd/jdamr_cube_ws/src/jdamr_cube_ros/install/jdamr_cube_cartographer/share/jdamr_cube_cartographer/config
[2.440s] copying config/jdamr_cube_2d.lua -> /home/jd/jdamr_cube_ws/src/jdamr_cube_ros/install/jdamr_cube_cartographer/share/jdamr_cube_cartographer/config
[2.440s] running install_egg_info
[2.470s] Copying ../build/jdamr_cube_cartographer/jdamr_cube_cartographer.egg-info to /home/jd/jdamr_cube_ws/src/jdamr_cube_ros/install/jdamr_cube_cartographer/lib/python3.10/site-packages/jdamr_cube_cartographer-0.0.0-py3.10.egg-info
[2.471s] running install_scripts
[2.563s] writing list of installed files to '/home/jd/jdamr_cube_ws/src/jdamr_cube_ros/build/jdamr_cube_cartographer/install.log'
[2.601s] Invoked command in '/home/jd/jdamr_cube_ws/src/jdamr_cube_ros/jdamr_cube_cartographer' returned '0': PYTHONPATH=/home/jd/jdamr_cube_ws/src/jdamr_cube_ros/build/jdamr_cube_cartographer/prefix_override:/usr/lib/python3/dist-packages/colcon_core/task/python/colcon_distutils_commands:/home/jd/jdamr_cube_ws/src/jdamr_cube_ros/install/jdamr_cube_cartographer/lib/python3.10/site-packages:${PYTHONPATH} /usr/bin/python3 -W ignore:setup.py install is deprecated -W ignore:easy_install command is deprecated setup.py egg_info --egg-base ../build/jdamr_cube_cartographer build --build-base /home/jd/jdamr_cube_ws/src/jdamr_cube_ros/build/jdamr_cube_cartographer/build install --record /home/jd/jdamr_cube_ws/src/jdamr_cube_ros/build/jdamr_cube_cartographer/install.log --single-version-externally-managed install_data
