[0.915s] Invoking command in '/home/jd/jdamr_cube_ws/src/jdamr_cube_ros/build/ldlidar_sl_ros2': CMAKE_PREFIX_PATH=/opt/ros/humble /usr/bin/cmake /home/jd/jdamr_cube_ws/src/jdamr_cube_ros/ldlidar_sl_ros2 -DCMAKE_INSTALL_PREFIX=/home/jd/jdamr_cube_ws/src/jdamr_cube_ros/install/ldlidar_sl_ros2
[1.049s] -- The C compiler identification is GNU 11.4.0
[1.186s] -- The CXX compiler identification is GNU 11.4.0
[1.212s] -- Detecting C compiler ABI info
[1.324s] -- Detecting C compiler ABI info - done
[1.337s] -- Check for working C compiler: /usr/lib/ccache/cc - skipped
[1.337s] -- Detecting C compile features
[1.338s] -- Detecting C compile features - done
[1.343s] -- Detecting CXX compiler ABI info
[1.497s] -- Detecting CXX compiler ABI info - done
[1.507s] -- Check for working CXX compiler: /usr/lib/ccache/c++ - skipped
[1.508s] -- Detecting CXX compile features
[1.513s] -- Detecting CXX compile features - done
[1.518s] -- Found ament_cmake: 1.3.12 (/opt/ros/humble/share/ament_cmake/cmake)
[2.304s] -- Found Python3: /usr/bin/python3 (found version "3.10.12") found components: Interpreter 
[2.504s] -- Found rclcpp: 16.0.15 (/opt/ros/humble/share/rclcpp/cmake)
[2.584s] -- Found rosidl_generator_c: 3.1.7 (/opt/ros/humble/share/rosidl_generator_c/cmake)
[2.590s] -- Found rosidl_adapter: 3.1.7 (/opt/ros/humble/share/rosidl_adapter/cmake)
[2.613s] -- Found rosidl_generator_cpp: 3.1.7 (/opt/ros/humble/share/rosidl_generator_cpp/cmake)
[2.645s] -- Using all available rosidl_typesupport_c: rosidl_typesupport_fastrtps_c;rosidl_typesupport_introspection_c
[2.662s] -- Using all available rosidl_typesupport_cpp: rosidl_typesupport_fastrtps_cpp;rosidl_typesupport_introspection_cpp
[2.697s] -- Found rmw_implementation_cmake: 6.1.2 (/opt/ros/humble/share/rmw_implementation_cmake/cmake)
[2.699s] -- Found rmw_fastrtps_cpp: 6.2.8 (/opt/ros/humble/share/rmw_fastrtps_cpp/cmake)
[2.783s] -- Found OpenSSL: /usr/lib/x86_64-linux-gnu/libcrypto.so (found version "3.0.2")  
[2.804s] -- Found FastRTPS: /opt/ros/humble/include  
[2.841s] -- Using RMW implementation 'rmw_fastrtps_cpp' as default
[2.848s] -- Looking for pthread.h
[2.951s] -- Looking for pthread.h - found
[2.951s] -- Performing Test CMAKE_HAVE_LIBC_PTHREAD
[3.042s] -- Performing Test CMAKE_HAVE_LIBC_PTHREAD - Success
[3.042s] -- Found Threads: TRUE  
[3.084s] -- Found sensor_msgs: 4.9.0 (/opt/ros/humble/share/sensor_msgs/cmake)
[3.109s] -- Found ament_lint_auto: 0.12.14 (/opt/ros/humble/share/ament_lint_auto/cmake)
[3.208s] -- Added test 'copyright' to check source files copyright and LICENSE
[3.210s] -- Added test 'cppcheck' to perform static code analysis on C / C++ code
[3.210s] -- Configured cppcheck include dirs: /home/jd/jdamr_cube_ws/src/jdamr_cube_ros/ldlidar_sl_ros2/include;/home/jd/jdamr_cube_ws/src/jdamr_cube_ros/ldlidar_sl_ros2/ldlidar_driver/include
[3.210s] -- Configured cppcheck exclude dirs and/or files: 
[3.212s] -- Added test 'cpplint' to check C / C++ code against the Google style
[3.212s] -- Configured cpplint exclude dirs and/or files: 
[3.212s] -- Added test 'flake8' to check Python code syntax and style conventions
[3.213s] -- Added test 'lint_cmake' to check CMake code style
[3.213s] -- Added test 'pep257' to check Python code against some of the docstring style conventions in PEP 257
[3.214s] -- Added test 'uncrustify' to check C / C++ code style
[3.215s] -- Configured uncrustify additional arguments: 
[3.216s] -- Added test 'xmllint' to check XML markup files
[3.216s] -- Configuring done
[3.225s] -- Generating done
[3.227s] -- Build files have been written to: /home/jd/jdamr_cube_ws/src/jdamr_cube_ros/build/ldlidar_sl_ros2
[3.238s] Invoked command in '/home/jd/jdamr_cube_ws/src/jdamr_cube_ros/build/ldlidar_sl_ros2' returned '0': CMAKE_PREFIX_PATH=/opt/ros/humble /usr/bin/cmake /home/jd/jdamr_cube_ws/src/jdamr_cube_ros/ldlidar_sl_ros2 -DCMAKE_INSTALL_PREFIX=/home/jd/jdamr_cube_ws/src/jdamr_cube_ros/install/ldlidar_sl_ros2
[3.240s] Invoking command in '/home/jd/jdamr_cube_ws/src/jdamr_cube_ros/build/ldlidar_sl_ros2': CMAKE_PREFIX_PATH=/opt/ros/humble /usr/bin/cmake --build /home/jd/jdamr_cube_ws/src/jdamr_cube_ros/build/ldlidar_sl_ros2 -- -j10 -l10
[3.292s] [ 12%] [32mBuilding CXX object CMakeFiles/ldlidar_sl_ros2_node.dir/src/demo.cpp.o[0m
[3.293s] [ 25%] [32mBuilding CXX object CMakeFiles/ldlidar_sl_ros2_node.dir/ldlidar_driver/src/ldlidar_driver.cpp.o[0m
[3.294s] [ 37%] [32mBuilding CXX object CMakeFiles/ldlidar_sl_ros2_node.dir/ldlidar_driver/src/log_module.cpp.o[0m
[3.294s] [ 50%] [32mBuilding CXX object CMakeFiles/ldlidar_sl_ros2_node.dir/ldlidar_driver/src/lipkg.cpp.o[0m
[3.295s] [ 62%] [32mBuilding CXX object CMakeFiles/ldlidar_sl_ros2_node.dir/ldlidar_driver/src/slbf.cpp.o[0m
[3.296s] [ 75%] [32mBuilding CXX object CMakeFiles/ldlidar_sl_ros2_node.dir/ldlidar_driver/src/serial_interface_linux.cpp.o[0m
[3.299s] [ 87%] [32mBuilding CXX object CMakeFiles/ldlidar_sl_ros2_node.dir/ldlidar_driver/src/sl_transform.cpp.o[0m
[3.355s] [100%] [32m[1mLinking CXX executable ldlidar_sl_ros2_node[0m
[3.578s] [100%] Built target ldlidar_sl_ros2_node
[3.588s] Invoked command in '/home/jd/jdamr_cube_ws/src/jdamr_cube_ros/build/ldlidar_sl_ros2' returned '0': CMAKE_PREFIX_PATH=/opt/ros/humble /usr/bin/cmake --build /home/jd/jdamr_cube_ws/src/jdamr_cube_ros/build/ldlidar_sl_ros2 -- -j10 -l10
[3.605s] Invoking command in '/home/jd/jdamr_cube_ws/src/jdamr_cube_ros/build/ldlidar_sl_ros2': CMAKE_PREFIX_PATH=/opt/ros/humble /usr/bin/cmake --install /home/jd/jdamr_cube_ws/src/jdamr_cube_ros/build/ldlidar_sl_ros2
[3.616s] -- Install configuration: ""
[3.616s] -- Installing: /home/jd/jdamr_cube_ws/src/jdamr_cube_ros/install/ldlidar_sl_ros2/lib/ldlidar_sl_ros2/ldlidar_sl_ros2_node
[3.617s] -- Set runtime path of "/home/jd/jdamr_cube_ws/src/jdamr_cube_ros/install/ldlidar_sl_ros2/lib/ldlidar_sl_ros2/ldlidar_sl_ros2_node" to ""
[3.617s] -- Installing: /home/jd/jdamr_cube_ws/src/jdamr_cube_ros/install/ldlidar_sl_ros2/share/ldlidar_sl_ros2//launch
[3.617s] -- Installing: /home/jd/jdamr_cube_ws/src/jdamr_cube_ros/install/ldlidar_sl_ros2/share/ldlidar_sl_ros2//launch/ld14.launch.py
[3.617s] -- Installing: /home/jd/jdamr_cube_ws/src/jdamr_cube_ros/install/ldlidar_sl_ros2/share/ldlidar_sl_ros2//launch/viewer_ld14p.launch.py
[3.618s] -- Installing: /home/jd/jdamr_cube_ws/src/jdamr_cube_ros/install/ldlidar_sl_ros2/share/ldlidar_sl_ros2//launch/viewer_ld14.launch.py
[3.618s] -- Installing: /home/jd/jdamr_cube_ws/src/jdamr_cube_ros/install/ldlidar_sl_ros2/share/ldlidar_sl_ros2//launch/ld14p.launch.py
[3.618s] -- Installing: /home/jd/jdamr_cube_ws/src/jdamr_cube_ros/install/ldlidar_sl_ros2/share/ldlidar_sl_ros2//rviz2
[3.618s] -- Installing: /home/jd/jdamr_cube_ws/src/jdamr_cube_ros/install/ldlidar_sl_ros2/share/ldlidar_sl_ros2//rviz2/ldlidar.rviz
[3.618s] -- Installing: /home/jd/jdamr_cube_ws/src/jdamr_cube_ros/install/ldlidar_sl_ros2/share/ldlidar_sl_ros2//scripts
[3.618s] -- Installing: /home/jd/jdamr_cube_ws/src/jdamr_cube_ros/install/ldlidar_sl_ros2/share/ldlidar_sl_ros2//scripts/ldlidar.rules
[3.618s] -- Installing: /home/jd/jdamr_cube_ws/src/jdamr_cube_ros/install/ldlidar_sl_ros2/share/ldlidar_sl_ros2//scripts/create_udev_rules.sh
[3.618s] -- Installing: /home/jd/jdamr_cube_ws/src/jdamr_cube_ros/install/ldlidar_sl_ros2/share/ldlidar_sl_ros2//scripts/delete_udev_rules.sh
[3.618s] -- Installing: /home/jd/jdamr_cube_ws/src/jdamr_cube_ros/install/ldlidar_sl_ros2/share/ament_index/resource_index/package_run_dependencies/ldlidar_sl_ros2
[3.619s] -- Installing: /home/jd/jdamr_cube_ws/src/jdamr_cube_ros/install/ldlidar_sl_ros2/share/ament_index/resource_index/parent_prefix_path/ldlidar_sl_ros2
[3.619s] -- Installing: /home/jd/jdamr_cube_ws/src/jdamr_cube_ros/install/ldlidar_sl_ros2/share/ldlidar_sl_ros2/environment/ament_prefix_path.sh
[3.619s] -- Installing: /home/jd/jdamr_cube_ws/src/jdamr_cube_ros/install/ldlidar_sl_ros2/share/ldlidar_sl_ros2/environment/ament_prefix_path.dsv
[3.619s] -- Installing: /home/jd/jdamr_cube_ws/src/jdamr_cube_ros/install/ldlidar_sl_ros2/share/ldlidar_sl_ros2/environment/path.sh
[3.619s] -- Installing: /home/jd/jdamr_cube_ws/src/jdamr_cube_ros/install/ldlidar_sl_ros2/share/ldlidar_sl_ros2/environment/path.dsv
[3.619s] -- Installing: /home/jd/jdamr_cube_ws/src/jdamr_cube_ros/install/ldlidar_sl_ros2/share/ldlidar_sl_ros2/local_setup.bash
[3.619s] -- Installing: /home/jd/jdamr_cube_ws/src/jdamr_cube_ros/install/ldlidar_sl_ros2/share/ldlidar_sl_ros2/local_setup.sh
[3.619s] -- Installing: /home/jd/jdamr_cube_ws/src/jdamr_cube_ros/install/ldlidar_sl_ros2/share/ldlidar_sl_ros2/local_setup.zsh
[3.619s] -- Installing: /home/jd/jdamr_cube_ws/src/jdamr_cube_ros/install/ldlidar_sl_ros2/share/ldlidar_sl_ros2/local_setup.dsv
[3.619s] -- Installing: /home/jd/jdamr_cube_ws/src/jdamr_cube_ros/install/ldlidar_sl_ros2/share/ldlidar_sl_ros2/package.dsv
[3.619s] -- Installing: /home/jd/jdamr_cube_ws/src/jdamr_cube_ros/install/ldlidar_sl_ros2/share/ament_index/resource_index/packages/ldlidar_sl_ros2
[3.620s] -- Installing: /home/jd/jdamr_cube_ws/src/jdamr_cube_ros/install/ldlidar_sl_ros2/share/ldlidar_sl_ros2/cmake/ldlidar_sl_ros2Config.cmake
[3.620s] -- Installing: /home/jd/jdamr_cube_ws/src/jdamr_cube_ros/install/ldlidar_sl_ros2/share/ldlidar_sl_ros2/cmake/ldlidar_sl_ros2Config-version.cmake
[3.620s] -- Installing: /home/jd/jdamr_cube_ws/src/jdamr_cube_ros/install/ldlidar_sl_ros2/share/ldlidar_sl_ros2/package.xml
[3.621s] Invoked command in '/home/jd/jdamr_cube_ws/src/jdamr_cube_ros/build/ldlidar_sl_ros2' returned '0': CMAKE_PREFIX_PATH=/opt/ros/humble /usr/bin/cmake --install /home/jd/jdamr_cube_ws/src/jdamr_cube_ros/build/ldlidar_sl_ros2
