running egg_info
creating ../build/jdamr_cube_node/jdamr_cube_node.egg-info
writing ../build/jdamr_cube_node/jdamr_cube_node.egg-info/PKG-INFO
writing dependency_links to ../build/jdamr_cube_node/jdamr_cube_node.egg-info/dependency_links.txt
writing entry points to ../build/jdamr_cube_node/jdamr_cube_node.egg-info/entry_points.txt
writing requirements to ../build/jdamr_cube_node/jdamr_cube_node.egg-info/requires.txt
writing top-level names to ../build/jdamr_cube_node/jdamr_cube_node.egg-info/top_level.txt
writing manifest file '../build/jdamr_cube_node/jdamr_cube_node.egg-info/SOURCES.txt'
reading manifest file '../build/jdamr_cube_node/jdamr_cube_node.egg-info/SOURCES.txt'
writing manifest file '../build/jdamr_cube_node/jdamr_cube_node.egg-info/SOURCES.txt'
running build
running build_py
creating /home/jd/jdamr_cube_ws/src/jdamr_cube_ros/build/jdamr_cube_node/build/lib/jdamr_cube_node
copying jdamr_cube_node/__init__.py -> /home/jd/jdamr_cube_ws/src/jdamr_cube_ros/build/jdamr_cube_node/build/lib/jdamr_cube_node
copying jdamr_cube_node/jdamr_cube_node.py -> /home/jd/jdamr_cube_ws/src/jdamr_cube_ros/build/jdamr_cube_node/build/lib/jdamr_cube_node
running install
running install_lib
creating /home/jd/jdamr_cube_ws/src/jdamr_cube_ros/install/jdamr_cube_node/lib/python3.10/site-packages/jdamr_cube_node
copying /home/jd/jdamr_cube_ws/src/jdamr_cube_ros/build/jdamr_cube_node/build/lib/jdamr_cube_node/__init__.py -> /home/jd/jdamr_cube_ws/src/jdamr_cube_ros/install/jdamr_cube_node/lib/python3.10/site-packages/jdamr_cube_node
copying /home/jd/jdamr_cube_ws/src/jdamr_cube_ros/build/jdamr_cube_node/build/lib/jdamr_cube_node/jdamr_cube_node.py -> /home/jd/jdamr_cube_ws/src/jdamr_cube_ros/install/jdamr_cube_node/lib/python3.10/site-packages/jdamr_cube_node
byte-compiling /home/jd/jdamr_cube_ws/src/jdamr_cube_ros/install/jdamr_cube_node/lib/python3.10/site-packages/jdamr_cube_node/__init__.py to __init__.cpython-310.pyc
byte-compiling /home/jd/jdamr_cube_ws/src/jdamr_cube_ros/install/jdamr_cube_node/lib/python3.10/site-packages/jdamr_cube_node/jdamr_cube_node.py to jdamr_cube_node.cpython-310.pyc
running install_data
creating /home/jd/jdamr_cube_ws/src/jdamr_cube_ros/install/jdamr_cube_node/share/ament_index/resource_index/packages
copying resource/jdamr_cube_node -> /home/jd/jdamr_cube_ws/src/jdamr_cube_ros/install/jdamr_cube_node/share/ament_index/resource_index/packages
copying package.xml -> /home/jd/jdamr_cube_ws/src/jdamr_cube_ros/install/jdamr_cube_node/share/jdamr_cube_node
running install_egg_info
Copying ../build/jdamr_cube_node/jdamr_cube_node.egg-info to /home/jd/jdamr_cube_ws/src/jdamr_cube_ros/install/jdamr_cube_node/lib/python3.10/site-packages/jdamr_cube_node-0.0.0-py3.10.egg-info
running install_scripts
Installing jdamr_cube_node script to /home/jd/jdamr_cube_ws/src/jdamr_cube_ros/install/jdamr_cube_node/lib/jdamr_cube_node
writing list of installed files to '/home/jd/jdamr_cube_ws/src/jdamr_cube_ros/build/jdamr_cube_node/install.log'
