[1.860s] Invoking command in '/home/jd/jdamr_cube_ws/src/jdamr_cube_ros/jdamr_cube_node': PYTHONPATH=/home/jd/jdamr_cube_ws/src/jdamr_cube_ros/build/jdamr_cube_node/prefix_override:/usr/lib/python3/dist-packages/colcon_core/task/python/colcon_distutils_commands:/home/jd/jdamr_cube_ws/src/jdamr_cube_ros/install/jdamr_cube_node/lib/python3.10/site-packages:${PYTHONPATH} /usr/bin/python3 -W ignore:setup.py install is deprecated -W ignore:easy_install command is deprecated setup.py egg_info --egg-base ../build/jdamr_cube_node build --build-base /home/jd/jdamr_cube_ws/src/jdamr_cube_ros/build/jdamr_cube_node/build install --record /home/jd/jdamr_cube_ws/src/jdamr_cube_ros/build/jdamr_cube_node/install.log --single-version-externally-managed install_data
[2.344s] running egg_info
[2.371s] creating ../build/jdamr_cube_node/jdamr_cube_node.egg-info
[2.371s] writing ../build/jdamr_cube_node/jdamr_cube_node.egg-info/PKG-INFO
[2.372s] writing dependency_links to ../build/jdamr_cube_node/jdamr_cube_node.egg-info/dependency_links.txt
[2.372s] writing entry points to ../build/jdamr_cube_node/jdamr_cube_node.egg-info/entry_points.txt
[2.372s] writing requirements to ../build/jdamr_cube_node/jdamr_cube_node.egg-info/requires.txt
[2.372s] writing top-level names to ../build/jdamr_cube_node/jdamr_cube_node.egg-info/top_level.txt
[2.372s] writing manifest file '../build/jdamr_cube_node/jdamr_cube_node.egg-info/SOURCES.txt'
[2.434s] reading manifest file '../build/jdamr_cube_node/jdamr_cube_node.egg-info/SOURCES.txt'
[2.436s] writing manifest file '../build/jdamr_cube_node/jdamr_cube_node.egg-info/SOURCES.txt'
[2.437s] running build
[2.440s] running build_py
[2.441s] creating /home/jd/jdamr_cube_ws/src/jdamr_cube_ros/build/jdamr_cube_node/build/lib/jdamr_cube_node
[2.441s] copying jdamr_cube_node/__init__.py -> /home/jd/jdamr_cube_ws/src/jdamr_cube_ros/build/jdamr_cube_node/build/lib/jdamr_cube_node
[2.442s] copying jdamr_cube_node/jdamr_cube_node.py -> /home/jd/jdamr_cube_ws/src/jdamr_cube_ros/build/jdamr_cube_node/build/lib/jdamr_cube_node
[2.442s] running install
[2.444s] running install_lib
[2.467s] creating /home/jd/jdamr_cube_ws/src/jdamr_cube_ros/install/jdamr_cube_node/lib/python3.10/site-packages/jdamr_cube_node
[2.467s] copying /home/jd/jdamr_cube_ws/src/jdamr_cube_ros/build/jdamr_cube_node/build/lib/jdamr_cube_node/__init__.py -> /home/jd/jdamr_cube_ws/src/jdamr_cube_ros/install/jdamr_cube_node/lib/python3.10/site-packages/jdamr_cube_node
[2.468s] copying /home/jd/jdamr_cube_ws/src/jdamr_cube_ros/build/jdamr_cube_node/build/lib/jdamr_cube_node/jdamr_cube_node.py -> /home/jd/jdamr_cube_ws/src/jdamr_cube_ros/install/jdamr_cube_node/lib/python3.10/site-packages/jdamr_cube_node
[2.468s] byte-compiling /home/jd/jdamr_cube_ws/src/jdamr_cube_ros/install/jdamr_cube_node/lib/python3.10/site-packages/jdamr_cube_node/__init__.py to __init__.cpython-310.pyc
[2.473s] byte-compiling /home/jd/jdamr_cube_ws/src/jdamr_cube_ros/install/jdamr_cube_node/lib/python3.10/site-packages/jdamr_cube_node/jdamr_cube_node.py to jdamr_cube_node.cpython-310.pyc
[2.473s] running install_data
[2.473s] creating /home/jd/jdamr_cube_ws/src/jdamr_cube_ros/install/jdamr_cube_node/share/ament_index/resource_index/packages
[2.473s] copying resource/jdamr_cube_node -> /home/jd/jdamr_cube_ws/src/jdamr_cube_ros/install/jdamr_cube_node/share/ament_index/resource_index/packages
[2.473s] copying package.xml -> /home/jd/jdamr_cube_ws/src/jdamr_cube_ros/install/jdamr_cube_node/share/jdamr_cube_node
[2.474s] running install_egg_info
[2.511s] Copying ../build/jdamr_cube_node/jdamr_cube_node.egg-info to /home/jd/jdamr_cube_ws/src/jdamr_cube_ros/install/jdamr_cube_node/lib/python3.10/site-packages/jdamr_cube_node-0.0.0-py3.10.egg-info
[2.513s] running install_scripts
[2.590s] Installing jdamr_cube_node script to /home/jd/jdamr_cube_ws/src/jdamr_cube_ros/install/jdamr_cube_node/lib/jdamr_cube_node
[2.591s] writing list of installed files to '/home/jd/jdamr_cube_ws/src/jdamr_cube_ros/build/jdamr_cube_node/install.log'
[2.665s] Invoked command in '/home/jd/jdamr_cube_ws/src/jdamr_cube_ros/jdamr_cube_node' returned '0': PYTHONPATH=/home/jd/jdamr_cube_ws/src/jdamr_cube_ros/build/jdamr_cube_node/prefix_override:/usr/lib/python3/dist-packages/colcon_core/task/python/colcon_distutils_commands:/home/jd/jdamr_cube_ws/src/jdamr_cube_ros/install/jdamr_cube_node/lib/python3.10/site-packages:${PYTHONPATH} /usr/bin/python3 -W ignore:setup.py install is deprecated -W ignore:easy_install command is deprecated setup.py egg_info --egg-base ../build/jdamr_cube_node build --build-base /home/jd/jdamr_cube_ws/src/jdamr_cube_ros/build/jdamr_cube_node/build install --record /home/jd/jdamr_cube_ws/src/jdamr_cube_ros/build/jdamr_cube_node/install.log --single-version-externally-managed install_data
