/home/jd/.local/lib/python3.10/site-packages/setuptools/_distutils/dist.py:287: UserWarning: Unknown distribution option: 'tests_require'
  warnings.warn(msg)
running egg_info
creating ../build/jdamr_cube_description/jdamr_cube_description.egg-info
writing ../build/jdamr_cube_description/jdamr_cube_description.egg-info/PKG-INFO
writing dependency_links to ../build/jdamr_cube_description/jdamr_cube_description.egg-info/dependency_links.txt
writing requirements to ../build/jdamr_cube_description/jdamr_cube_description.egg-info/requires.txt
writing top-level names to ../build/jdamr_cube_description/jdamr_cube_description.egg-info/top_level.txt
writing manifest file '../build/jdamr_cube_description/jdamr_cube_description.egg-info/SOURCES.txt'
reading manifest file '../build/jdamr_cube_description/jdamr_cube_description.egg-info/SOURCES.txt'
writing manifest file '../build/jdamr_cube_description/jdamr_cube_description.egg-info/SOURCES.txt'
running build
running build_py
creating /home/jd/jdamr_cube_ws/src/jdamr_cube_ros/build/jdamr_cube_description/build/lib/jdamr_cube_description
copying jdamr_cube_description/__init__.py -> /home/jd/jdamr_cube_ws/src/jdamr_cube_ros/build/jdamr_cube_description/build/lib/jdamr_cube_description
running install
running install_lib
creating /home/jd/jdamr_cube_ws/src/jdamr_cube_ros/install/jdamr_cube_description/lib/python3.10/site-packages/jdamr_cube_description
copying /home/jd/jdamr_cube_ws/src/jdamr_cube_ros/build/jdamr_cube_description/build/lib/jdamr_cube_description/__init__.py -> /home/jd/jdamr_cube_ws/src/jdamr_cube_ros/install/jdamr_cube_description/lib/python3.10/site-packages/jdamr_cube_description
byte-compiling /home/jd/jdamr_cube_ws/src/jdamr_cube_ros/install/jdamr_cube_description/lib/python3.10/site-packages/jdamr_cube_description/__init__.py to __init__.cpython-310.pyc
running install_data
creating /home/jd/jdamr_cube_ws/src/jdamr_cube_ros/install/jdamr_cube_description/share/ament_index/resource_index/packages
copying resource/jdamr_cube_description -> /home/jd/jdamr_cube_ws/src/jdamr_cube_ros/install/jdamr_cube_description/share/ament_index/resource_index/packages
copying package.xml -> /home/jd/jdamr_cube_ws/src/jdamr_cube_ros/install/jdamr_cube_description/share/jdamr_cube_description
creating /home/jd/jdamr_cube_ws/src/jdamr_cube_ros/install/jdamr_cube_description/share/jdamr_cube_description/launch
copying launch/display.launch.py -> /home/jd/jdamr_cube_ws/src/jdamr_cube_ros/install/jdamr_cube_description/share/jdamr_cube_description/launch
creating /home/jd/jdamr_cube_ws/src/jdamr_cube_ros/install/jdamr_cube_description/share/jdamr_cube_description/urdf
copying urdf/jdamr_cube.urdf -> /home/jd/jdamr_cube_ws/src/jdamr_cube_ros/install/jdamr_cube_description/share/jdamr_cube_description/urdf
creating /home/jd/jdamr_cube_ws/src/jdamr_cube_ros/install/jdamr_cube_description/share/jdamr_cube_description/rviz
running install_egg_info
Copying ../build/jdamr_cube_description/jdamr_cube_description.egg-info to /home/jd/jdamr_cube_ws/src/jdamr_cube_ros/install/jdamr_cube_description/lib/python3.10/site-packages/jdamr_cube_description-0.0.0-py3.10.egg-info
running install_scripts
writing list of installed files to '/home/jd/jdamr_cube_ws/src/jdamr_cube_ros/build/jdamr_cube_description/install.log'
