[1.840s] Invoking command in '/home/jd/jdamr_cube_ws/src/jdamr_cube_ros/jdamr_cube_description': PYTHONPATH=/home/jd/jdamr_cube_ws/src/jdamr_cube_ros/build/jdamr_cube_description/prefix_override:/usr/lib/python3/dist-packages/colcon_core/task/python/colcon_distutils_commands:/home/jd/jdamr_cube_ws/src/jdamr_cube_ros/install/jdamr_cube_description/lib/python3.10/site-packages:${PYTHONPATH} /usr/bin/python3 -W ignore:setup.py install is deprecated -W ignore:easy_install command is deprecated setup.py egg_info --egg-base ../build/jdamr_cube_description build --build-base /home/jd/jdamr_cube_ws/src/jdamr_cube_ros/build/jdamr_cube_description/build install --record /home/jd/jdamr_cube_ws/src/jdamr_cube_ros/build/jdamr_cube_description/install.log --single-version-externally-managed install_data
[2.146s] /home/jd/.local/lib/python3.10/site-packages/setuptools/_distutils/dist.py:287: UserWarning: Unknown distribution option: 'tests_require'
[2.146s]   warnings.warn(msg)
[2.330s] running egg_info
[2.358s] creating ../build/jdamr_cube_description/jdamr_cube_description.egg-info
[2.358s] writing ../build/jdamr_cube_description/jdamr_cube_description.egg-info/PKG-INFO
[2.358s] writing dependency_links to ../build/jdamr_cube_description/jdamr_cube_description.egg-info/dependency_links.txt
[2.359s] writing requirements to ../build/jdamr_cube_description/jdamr_cube_description.egg-info/requires.txt
[2.359s] writing top-level names to ../build/jdamr_cube_description/jdamr_cube_description.egg-info/top_level.txt
[2.360s] writing manifest file '../build/jdamr_cube_description/jdamr_cube_description.egg-info/SOURCES.txt'
[2.414s] reading manifest file '../build/jdamr_cube_description/jdamr_cube_description.egg-info/SOURCES.txt'
[2.415s] writing manifest file '../build/jdamr_cube_description/jdamr_cube_description.egg-info/SOURCES.txt'
[2.415s] running build
[2.416s] running build_py
[2.416s] creating /home/jd/jdamr_cube_ws/src/jdamr_cube_ros/build/jdamr_cube_description/build/lib/jdamr_cube_description
[2.416s] copying jdamr_cube_description/__init__.py -> /home/jd/jdamr_cube_ws/src/jdamr_cube_ros/build/jdamr_cube_description/build/lib/jdamr_cube_description
[2.417s] running install
[2.420s] running install_lib
[2.458s] creating /home/jd/jdamr_cube_ws/src/jdamr_cube_ros/install/jdamr_cube_description/lib/python3.10/site-packages/jdamr_cube_description
[2.458s] copying /home/jd/jdamr_cube_ws/src/jdamr_cube_ros/build/jdamr_cube_description/build/lib/jdamr_cube_description/__init__.py -> /home/jd/jdamr_cube_ws/src/jdamr_cube_ros/install/jdamr_cube_description/lib/python3.10/site-packages/jdamr_cube_description
[2.458s] byte-compiling /home/jd/jdamr_cube_ws/src/jdamr_cube_ros/install/jdamr_cube_description/lib/python3.10/site-packages/jdamr_cube_description/__init__.py to __init__.cpython-310.pyc
[2.458s] running install_data
[2.459s] creating /home/jd/jdamr_cube_ws/src/jdamr_cube_ros/install/jdamr_cube_description/share/ament_index/resource_index/packages
[2.459s] copying resource/jdamr_cube_description -> /home/jd/jdamr_cube_ws/src/jdamr_cube_ros/install/jdamr_cube_description/share/ament_index/resource_index/packages
[2.459s] copying package.xml -> /home/jd/jdamr_cube_ws/src/jdamr_cube_ros/install/jdamr_cube_description/share/jdamr_cube_description
[2.459s] creating /home/jd/jdamr_cube_ws/src/jdamr_cube_ros/install/jdamr_cube_description/share/jdamr_cube_description/launch
[2.460s] copying launch/display.launch.py -> /home/jd/jdamr_cube_ws/src/jdamr_cube_ros/install/jdamr_cube_description/share/jdamr_cube_description/launch
[2.460s] creating /home/jd/jdamr_cube_ws/src/jdamr_cube_ros/install/jdamr_cube_description/share/jdamr_cube_description/urdf
[2.464s] copying urdf/jdamr_cube.urdf -> /home/jd/jdamr_cube_ws/src/jdamr_cube_ros/install/jdamr_cube_description/share/jdamr_cube_description/urdf
[2.464s] creating /home/jd/jdamr_cube_ws/src/jdamr_cube_ros/install/jdamr_cube_description/share/jdamr_cube_description/rviz
[2.465s] running install_egg_info
[2.489s] Copying ../build/jdamr_cube_description/jdamr_cube_description.egg-info to /home/jd/jdamr_cube_ws/src/jdamr_cube_ros/install/jdamr_cube_description/lib/python3.10/site-packages/jdamr_cube_description-0.0.0-py3.10.egg-info
[2.490s] running install_scripts
[2.574s] writing list of installed files to '/home/jd/jdamr_cube_ws/src/jdamr_cube_ros/build/jdamr_cube_description/install.log'
[2.640s] Invoked command in '/home/jd/jdamr_cube_ws/src/jdamr_cube_ros/jdamr_cube_description' returned '0': PYTHONPATH=/home/jd/jdamr_cube_ws/src/jdamr_cube_ros/build/jdamr_cube_description/prefix_override:/usr/lib/python3/dist-packages/colcon_core/task/python/colcon_distutils_commands:/home/jd/jdamr_cube_ws/src/jdamr_cube_ros/install/jdamr_cube_description/lib/python3.10/site-packages:${PYTHONPATH} /usr/bin/python3 -W ignore:setup.py install is deprecated -W ignore:easy_install command is deprecated setup.py egg_info --egg-base ../build/jdamr_cube_description build --build-base /home/jd/jdamr_cube_ws/src/jdamr_cube_ros/build/jdamr_cube_description/build install --record /home/jd/jdamr_cube_ws/src/jdamr_cube_ros/build/jdamr_cube_description/install.log --single-version-externally-managed install_data
