running egg_info
creating ../build/jdamr_cube_teleop/jdamr_cube_teleop.egg-info
writing ../build/jdamr_cube_teleop/jdamr_cube_teleop.egg-info/PKG-INFO
writing dependency_links to ../build/jdamr_cube_teleop/jdamr_cube_teleop.egg-info/dependency_links.txt
writing entry points to ../build/jdamr_cube_teleop/jdamr_cube_teleop.egg-info/entry_points.txt
writing requirements to ../build/jdamr_cube_teleop/jdamr_cube_teleop.egg-info/requires.txt
writing top-level names to ../build/jdamr_cube_teleop/jdamr_cube_teleop.egg-info/top_level.txt
writing manifest file '../build/jdamr_cube_teleop/jdamr_cube_teleop.egg-info/SOURCES.txt'
reading manifest file '../build/jdamr_cube_teleop/jdamr_cube_teleop.egg-info/SOURCES.txt'
writing manifest file '../build/jdamr_cube_teleop/jdamr_cube_teleop.egg-info/SOURCES.txt'
running build
running build_py
creating /home/jd/jdamr_cube_ws/src/jdamr_cube_ros/build/jdamr_cube_teleop/build/lib/jdamr_cube_teleop
copying jdamr_cube_teleop/__init__.py -> /home/jd/jdamr_cube_ws/src/jdamr_cube_ros/build/jdamr_cube_teleop/build/lib/jdamr_cube_teleop
copying jdamr_cube_teleop/jdamr_cube_teleop.py -> /home/jd/jdamr_cube_ws/src/jdamr_cube_ros/build/jdamr_cube_teleop/build/lib/jdamr_cube_teleop
running install
running install_lib
creating /home/jd/jdamr_cube_ws/src/jdamr_cube_ros/install/jdamr_cube_teleop/lib/python3.10/site-packages/jdamr_cube_teleop
copying /home/jd/jdamr_cube_ws/src/jdamr_cube_ros/build/jdamr_cube_teleop/build/lib/jdamr_cube_teleop/__init__.py -> /home/jd/jdamr_cube_ws/src/jdamr_cube_ros/install/jdamr_cube_teleop/lib/python3.10/site-packages/jdamr_cube_teleop
copying /home/jd/jdamr_cube_ws/src/jdamr_cube_ros/build/jdamr_cube_teleop/build/lib/jdamr_cube_teleop/jdamr_cube_teleop.py -> /home/jd/jdamr_cube_ws/src/jdamr_cube_ros/install/jdamr_cube_teleop/lib/python3.10/site-packages/jdamr_cube_teleop
byte-compiling /home/jd/jdamr_cube_ws/src/jdamr_cube_ros/install/jdamr_cube_teleop/lib/python3.10/site-packages/jdamr_cube_teleop/__init__.py to __init__.cpython-310.pyc
byte-compiling /home/jd/jdamr_cube_ws/src/jdamr_cube_ros/install/jdamr_cube_teleop/lib/python3.10/site-packages/jdamr_cube_teleop/jdamr_cube_teleop.py to jdamr_cube_teleop.cpython-310.pyc
running install_data
creating /home/jd/jdamr_cube_ws/src/jdamr_cube_ros/install/jdamr_cube_teleop/share/ament_index/resource_index/packages
copying resource/jdamr_cube_teleop -> /home/jd/jdamr_cube_ws/src/jdamr_cube_ros/install/jdamr_cube_teleop/share/ament_index/resource_index/packages
copying package.xml -> /home/jd/jdamr_cube_ws/src/jdamr_cube_ros/install/jdamr_cube_teleop/share/jdamr_cube_teleop
running install_egg_info
Copying ../build/jdamr_cube_teleop/jdamr_cube_teleop.egg-info to /home/jd/jdamr_cube_ws/src/jdamr_cube_ros/install/jdamr_cube_teleop/lib/python3.10/site-packages/jdamr_cube_teleop-0.0.0-py3.10.egg-info
running install_scripts
Installing jdamr_cube_teleop script to /home/jd/jdamr_cube_ws/src/jdamr_cube_ros/install/jdamr_cube_teleop/lib/jdamr_cube_teleop
writing list of installed files to '/home/jd/jdamr_cube_ws/src/jdamr_cube_ros/build/jdamr_cube_teleop/install.log'
