[1.857s] Invoking command in '/home/jd/jdamr_cube_ws/src/jdamr_cube_ros/jdamr_cube_teleop': PYTHONPATH=/home/jd/jdamr_cube_ws/src/jdamr_cube_ros/build/jdamr_cube_teleop/prefix_override:/usr/lib/python3/dist-packages/colcon_core/task/python/colcon_distutils_commands:/home/jd/jdamr_cube_ws/src/jdamr_cube_ros/install/jdamr_cube_teleop/lib/python3.10/site-packages:${PYTHONPATH} /usr/bin/python3 -W ignore:setup.py install is deprecated -W ignore:easy_install command is deprecated setup.py egg_info --egg-base ../build/jdamr_cube_teleop build --build-base /home/jd/jdamr_cube_ws/src/jdamr_cube_ros/build/jdamr_cube_teleop/build install --record /home/jd/jdamr_cube_ws/src/jdamr_cube_ros/build/jdamr_cube_teleop/install.log --single-version-externally-managed install_data
[2.334s] running egg_info
[2.366s] creating ../build/jdamr_cube_teleop/jdamr_cube_teleop.egg-info
[2.366s] writing ../build/jdamr_cube_teleop/jdamr_cube_teleop.egg-info/PKG-INFO
[2.368s] writing dependency_links to ../build/jdamr_cube_teleop/jdamr_cube_teleop.egg-info/dependency_links.txt
[2.368s] writing entry points to ../build/jdamr_cube_teleop/jdamr_cube_teleop.egg-info/entry_points.txt
[2.368s] writing requirements to ../build/jdamr_cube_teleop/jdamr_cube_teleop.egg-info/requires.txt
[2.368s] writing top-level names to ../build/jdamr_cube_teleop/jdamr_cube_teleop.egg-info/top_level.txt
[2.368s] writing manifest file '../build/jdamr_cube_teleop/jdamr_cube_teleop.egg-info/SOURCES.txt'
[2.424s] reading manifest file '../build/jdamr_cube_teleop/jdamr_cube_teleop.egg-info/SOURCES.txt'
[2.431s] writing manifest file '../build/jdamr_cube_teleop/jdamr_cube_teleop.egg-info/SOURCES.txt'
[2.432s] running build
[2.432s] running build_py
[2.432s] creating /home/jd/jdamr_cube_ws/src/jdamr_cube_ros/build/jdamr_cube_teleop/build/lib/jdamr_cube_teleop
[2.432s] copying jdamr_cube_teleop/__init__.py -> /home/jd/jdamr_cube_ws/src/jdamr_cube_ros/build/jdamr_cube_teleop/build/lib/jdamr_cube_teleop
[2.432s] copying jdamr_cube_teleop/jdamr_cube_teleop.py -> /home/jd/jdamr_cube_ws/src/jdamr_cube_ros/build/jdamr_cube_teleop/build/lib/jdamr_cube_teleop
[2.432s] running install
[2.442s] running install_lib
[2.456s] creating /home/jd/jdamr_cube_ws/src/jdamr_cube_ros/install/jdamr_cube_teleop/lib/python3.10/site-packages/jdamr_cube_teleop
[2.456s] copying /home/jd/jdamr_cube_ws/src/jdamr_cube_ros/build/jdamr_cube_teleop/build/lib/jdamr_cube_teleop/__init__.py -> /home/jd/jdamr_cube_ws/src/jdamr_cube_ros/install/jdamr_cube_teleop/lib/python3.10/site-packages/jdamr_cube_teleop
[2.456s] copying /home/jd/jdamr_cube_ws/src/jdamr_cube_ros/build/jdamr_cube_teleop/build/lib/jdamr_cube_teleop/jdamr_cube_teleop.py -> /home/jd/jdamr_cube_ws/src/jdamr_cube_ros/install/jdamr_cube_teleop/lib/python3.10/site-packages/jdamr_cube_teleop
[2.457s] byte-compiling /home/jd/jdamr_cube_ws/src/jdamr_cube_ros/install/jdamr_cube_teleop/lib/python3.10/site-packages/jdamr_cube_teleop/__init__.py to __init__.cpython-310.pyc
[2.458s] byte-compiling /home/jd/jdamr_cube_ws/src/jdamr_cube_ros/install/jdamr_cube_teleop/lib/python3.10/site-packages/jdamr_cube_teleop/jdamr_cube_teleop.py to jdamr_cube_teleop.cpython-310.pyc
[2.461s] running install_data
[2.461s] creating /home/jd/jdamr_cube_ws/src/jdamr_cube_ros/install/jdamr_cube_teleop/share/ament_index/resource_index/packages
[2.461s] copying resource/jdamr_cube_teleop -> /home/jd/jdamr_cube_ws/src/jdamr_cube_ros/install/jdamr_cube_teleop/share/ament_index/resource_index/packages
[2.461s] copying package.xml -> /home/jd/jdamr_cube_ws/src/jdamr_cube_ros/install/jdamr_cube_teleop/share/jdamr_cube_teleop
[2.462s] running install_egg_info
[2.489s] Copying ../build/jdamr_cube_teleop/jdamr_cube_teleop.egg-info to /home/jd/jdamr_cube_ws/src/jdamr_cube_ros/install/jdamr_cube_teleop/lib/python3.10/site-packages/jdamr_cube_teleop-0.0.0-py3.10.egg-info
[2.491s] running install_scripts
[2.573s] Installing jdamr_cube_teleop script to /home/jd/jdamr_cube_ws/src/jdamr_cube_ros/install/jdamr_cube_teleop/lib/jdamr_cube_teleop
[2.575s] writing list of installed files to '/home/jd/jdamr_cube_ws/src/jdamr_cube_ros/build/jdamr_cube_teleop/install.log'
[2.666s] Invoked command in '/home/jd/jdamr_cube_ws/src/jdamr_cube_ros/jdamr_cube_teleop' returned '0': PYTHONPATH=/home/jd/jdamr_cube_ws/src/jdamr_cube_ros/build/jdamr_cube_teleop/prefix_override:/usr/lib/python3/dist-packages/colcon_core/task/python/colcon_distutils_commands:/home/jd/jdamr_cube_ws/src/jdamr_cube_ros/install/jdamr_cube_teleop/lib/python3.10/site-packages:${PYTHONPATH} /usr/bin/python3 -W ignore:setup.py install is deprecated -W ignore:easy_install command is deprecated setup.py egg_info --egg-base ../build/jdamr_cube_teleop build --build-base /home/jd/jdamr_cube_ws/src/jdamr_cube_ros/build/jdamr_cube_teleop/build install --record /home/jd/jdamr_cube_ws/src/jdamr_cube_ros/build/jdamr_cube_teleop/install.log --single-version-externally-managed install_data
