running egg_info
creating ../build/jdamr_cube_bringup/jdamr_cube_bringup.egg-info
writing ../build/jdamr_cube_bringup/jdamr_cube_bringup.egg-info/PKG-INFO
writing dependency_links to ../build/jdamr_cube_bringup/jdamr_cube_bringup.egg-info/dependency_links.txt
writing requirements to ../build/jdamr_cube_bringup/jdamr_cube_bringup.egg-info/requires.txt
writing top-level names to ../build/jdamr_cube_bringup/jdamr_cube_bringup.egg-info/top_level.txt
writing manifest file '../build/jdamr_cube_bringup/jdamr_cube_bringup.egg-info/SOURCES.txt'
reading manifest file '../build/jdamr_cube_bringup/jdamr_cube_bringup.egg-info/SOURCES.txt'
writing manifest file '../build/jdamr_cube_bringup/jdamr_cube_bringup.egg-info/SOURCES.txt'
running build
running build_py
creating /home/jd/jdamr_cube_ws/src/jdamr_cube_ros/build/jdamr_cube_bringup/build/lib/jdamr_cube_bringup
copying jdamr_cube_bringup/__init__.py -> /home/jd/jdamr_cube_ws/src/jdamr_cube_ros/build/jdamr_cube_bringup/build/lib/jdamr_cube_bringup
running install
running install_lib
creating /home/jd/jdamr_cube_ws/src/jdamr_cube_ros/install/jdamr_cube_bringup/lib/python3.10/site-packages/jdamr_cube_bringup
copying /home/jd/jdamr_cube_ws/src/jdamr_cube_ros/build/jdamr_cube_bringup/build/lib/jdamr_cube_bringup/__init__.py -> /home/jd/jdamr_cube_ws/src/jdamr_cube_ros/install/jdamr_cube_bringup/lib/python3.10/site-packages/jdamr_cube_bringup
byte-compiling /home/jd/jdamr_cube_ws/src/jdamr_cube_ros/install/jdamr_cube_bringup/lib/python3.10/site-packages/jdamr_cube_bringup/__init__.py to __init__.cpython-310.pyc
running install_data
creating /home/jd/jdamr_cube_ws/src/jdamr_cube_ros/install/jdamr_cube_bringup/share/ament_index/resource_index/packages
copying resource/jdamr_cube_bringup -> /home/jd/jdamr_cube_ws/src/jdamr_cube_ros/install/jdamr_cube_bringup/share/ament_index/resource_index/packages
copying package.xml -> /home/jd/jdamr_cube_ws/src/jdamr_cube_ros/install/jdamr_cube_bringup/share/jdamr_cube_bringup
creating /home/jd/jdamr_cube_ws/src/jdamr_cube_ros/install/jdamr_cube_bringup/share/jdamr_cube_bringup/launch
copying launch/jdamr_cube_bringup.launch.py -> /home/jd/jdamr_cube_ws/src/jdamr_cube_ros/install/jdamr_cube_bringup/share/jdamr_cube_bringup/launch
running install_egg_info
Copying ../build/jdamr_cube_bringup/jdamr_cube_bringup.egg-info to /home/jd/jdamr_cube_ws/src/jdamr_cube_ros/install/jdamr_cube_bringup/lib/python3.10/site-packages/jdamr_cube_bringup-0.0.0-py3.10.egg-info
running install_scripts
writing list of installed files to '/home/jd/jdamr_cube_ws/src/jdamr_cube_ros/build/jdamr_cube_bringup/install.log'
