[1.884s] Invoking command in '/home/jd/jdamr_cube_ws/src/jdamr_cube_ros/jdamr_cube_bringup': PYTHONPATH=/home/jd/jdamr_cube_ws/src/jdamr_cube_ros/build/jdamr_cube_bringup/prefix_override:/usr/lib/python3/dist-packages/colcon_core/task/python/colcon_distutils_commands:/home/jd/jdamr_cube_ws/src/jdamr_cube_ros/install/jdamr_cube_bringup/lib/python3.10/site-packages:${PYTHONPATH} /usr/bin/python3 -W ignore:setup.py install is deprecated -W ignore:easy_install command is deprecated setup.py egg_info --egg-base ../build/jdamr_cube_bringup build --build-base /home/jd/jdamr_cube_ws/src/jdamr_cube_ros/build/jdamr_cube_bringup/build install --record /home/jd/jdamr_cube_ws/src/jdamr_cube_ros/build/jdamr_cube_bringup/install.log --single-version-externally-managed install_data
[2.384s] running egg_info
[2.411s] creating ../build/jdamr_cube_bringup/jdamr_cube_bringup.egg-info
[2.411s] writing ../build/jdamr_cube_bringup/jdamr_cube_bringup.egg-info/PKG-INFO
[2.412s] writing dependency_links to ../build/jdamr_cube_bringup/jdamr_cube_bringup.egg-info/dependency_links.txt
[2.413s] writing requirements to ../build/jdamr_cube_bringup/jdamr_cube_bringup.egg-info/requires.txt
[2.414s] writing top-level names to ../build/jdamr_cube_bringup/jdamr_cube_bringup.egg-info/top_level.txt
[2.414s] writing manifest file '../build/jdamr_cube_bringup/jdamr_cube_bringup.egg-info/SOURCES.txt'
[2.486s] reading manifest file '../build/jdamr_cube_bringup/jdamr_cube_bringup.egg-info/SOURCES.txt'
[2.487s] writing manifest file '../build/jdamr_cube_bringup/jdamr_cube_bringup.egg-info/SOURCES.txt'
[2.487s] running build
[2.487s] running build_py
[2.491s] creating /home/jd/jdamr_cube_ws/src/jdamr_cube_ros/build/jdamr_cube_bringup/build/lib/jdamr_cube_bringup
[2.491s] copying jdamr_cube_bringup/__init__.py -> /home/jd/jdamr_cube_ws/src/jdamr_cube_ros/build/jdamr_cube_bringup/build/lib/jdamr_cube_bringup
[2.491s] running install
[2.492s] running install_lib
[2.523s] creating /home/jd/jdamr_cube_ws/src/jdamr_cube_ros/install/jdamr_cube_bringup/lib/python3.10/site-packages/jdamr_cube_bringup
[2.524s] copying /home/jd/jdamr_cube_ws/src/jdamr_cube_ros/build/jdamr_cube_bringup/build/lib/jdamr_cube_bringup/__init__.py -> /home/jd/jdamr_cube_ws/src/jdamr_cube_ros/install/jdamr_cube_bringup/lib/python3.10/site-packages/jdamr_cube_bringup
[2.525s] byte-compiling /home/jd/jdamr_cube_ws/src/jdamr_cube_ros/install/jdamr_cube_bringup/lib/python3.10/site-packages/jdamr_cube_bringup/__init__.py to __init__.cpython-310.pyc
[2.525s] running install_data
[2.526s] creating /home/jd/jdamr_cube_ws/src/jdamr_cube_ros/install/jdamr_cube_bringup/share/ament_index/resource_index/packages
[2.527s] copying resource/jdamr_cube_bringup -> /home/jd/jdamr_cube_ws/src/jdamr_cube_ros/install/jdamr_cube_bringup/share/ament_index/resource_index/packages
[2.527s] copying package.xml -> /home/jd/jdamr_cube_ws/src/jdamr_cube_ros/install/jdamr_cube_bringup/share/jdamr_cube_bringup
[2.528s] creating /home/jd/jdamr_cube_ws/src/jdamr_cube_ros/install/jdamr_cube_bringup/share/jdamr_cube_bringup/launch
[2.528s] copying launch/jdamr_cube_bringup.launch.py -> /home/jd/jdamr_cube_ws/src/jdamr_cube_ros/install/jdamr_cube_bringup/share/jdamr_cube_bringup/launch
[2.528s] running install_egg_info
[2.564s] Copying ../build/jdamr_cube_bringup/jdamr_cube_bringup.egg-info to /home/jd/jdamr_cube_ws/src/jdamr_cube_ros/install/jdamr_cube_bringup/lib/python3.10/site-packages/jdamr_cube_bringup-0.0.0-py3.10.egg-info
[2.575s] running install_scripts
[2.646s] writing list of installed files to '/home/jd/jdamr_cube_ws/src/jdamr_cube_ros/build/jdamr_cube_bringup/install.log'
[2.702s] Invoked command in '/home/jd/jdamr_cube_ws/src/jdamr_cube_ros/jdamr_cube_bringup' returned '0': PYTHONPATH=/home/jd/jdamr_cube_ws/src/jdamr_cube_ros/build/jdamr_cube_bringup/prefix_override:/usr/lib/python3/dist-packages/colcon_core/task/python/colcon_distutils_commands:/home/jd/jdamr_cube_ws/src/jdamr_cube_ros/install/jdamr_cube_bringup/lib/python3.10/site-packages:${PYTHONPATH} /usr/bin/python3 -W ignore:setup.py install is deprecated -W ignore:easy_install command is deprecated setup.py egg_info --egg-base ../build/jdamr_cube_bringup build --build-base /home/jd/jdamr_cube_ws/src/jdamr_cube_ros/build/jdamr_cube_bringup/build install --record /home/jd/jdamr_cube_ws/src/jdamr_cube_ros/build/jdamr_cube_bringup/install.log --single-version-externally-managed install_data
